Archive member included to satisfy reference by file (symbol)

C:/ST/STM32CubeIDE_1.14.0/STM32CubeIDE/plugins/com.st.stm32cube.ide.mcu.externaltools.gnu-tools-for-stm32.11.3.rel1.win32_1.1.100.202309141235/tools/bin/../lib/gcc/arm-none-eabi/11.3.1/../../../../arm-none-eabi/lib/thumb/v7-m/nofp\libc_nano.a(libc_a-exit.o)
                              C:/ST/STM32CubeIDE_1.14.0/STM32CubeIDE/plugins/com.st.stm32cube.ide.mcu.externaltools.gnu-tools-for-stm32.11.3.rel1.win32_1.1.100.202309141235/tools/bin/../lib/gcc/arm-none-eabi/11.3.1/../../../../arm-none-eabi/lib/thumb/v7-m/nofp/crt0.o (exit)
C:/ST/STM32CubeIDE_1.14.0/STM32CubeIDE/plugins/com.st.stm32cube.ide.mcu.externaltools.gnu-tools-for-stm32.11.3.rel1.win32_1.1.100.202309141235/tools/bin/../lib/gcc/arm-none-eabi/11.3.1/../../../../arm-none-eabi/lib/thumb/v7-m/nofp\libc_nano.a(libc_a-findfp.o)
                              ./Middlewares/Third_Party/FreeRTOS/Source/tasks.o (__sf)
C:/ST/STM32CubeIDE_1.14.0/STM32CubeIDE/plugins/com.st.stm32cube.ide.mcu.externaltools.gnu-tools-for-stm32.11.3.rel1.win32_1.1.100.202309141235/tools/bin/../lib/gcc/arm-none-eabi/11.3.1/../../../../arm-none-eabi/lib/thumb/v7-m/nofp\libc_nano.a(libc_a-fwalk.o)
                              C:/ST/STM32CubeIDE_1.14.0/STM32CubeIDE/plugins/com.st.stm32cube.ide.mcu.externaltools.gnu-tools-for-stm32.11.3.rel1.win32_1.1.100.202309141235/tools/bin/../lib/gcc/arm-none-eabi/11.3.1/../../../../arm-none-eabi/lib/thumb/v7-m/nofp\libc_nano.a(libc_a-findfp.o) (_fwalk_sglue)
C:/ST/STM32CubeIDE_1.14.0/STM32CubeIDE/plugins/com.st.stm32cube.ide.mcu.externaltools.gnu-tools-for-stm32.11.3.rel1.win32_1.1.100.202309141235/tools/bin/../lib/gcc/arm-none-eabi/11.3.1/../../../../arm-none-eabi/lib/thumb/v7-m/nofp\libc_nano.a(libc_a-stdio.o)
                              C:/ST/STM32CubeIDE_1.14.0/STM32CubeIDE/plugins/com.st.stm32cube.ide.mcu.externaltools.gnu-tools-for-stm32.11.3.rel1.win32_1.1.100.202309141235/tools/bin/../lib/gcc/arm-none-eabi/11.3.1/../../../../arm-none-eabi/lib/thumb/v7-m/nofp\libc_nano.a(libc_a-findfp.o) (__sread)
C:/ST/STM32CubeIDE_1.14.0/STM32CubeIDE/plugins/com.st.stm32cube.ide.mcu.externaltools.gnu-tools-for-stm32.11.3.rel1.win32_1.1.100.202309141235/tools/bin/../lib/gcc/arm-none-eabi/11.3.1/../../../../arm-none-eabi/lib/thumb/v7-m/nofp\libc_nano.a(libc_a-memset.o)
                              C:/ST/STM32CubeIDE_1.14.0/STM32CubeIDE/plugins/com.st.stm32cube.ide.mcu.externaltools.gnu-tools-for-stm32.11.3.rel1.win32_1.1.100.202309141235/tools/bin/../lib/gcc/arm-none-eabi/11.3.1/../../../../arm-none-eabi/lib/thumb/v7-m/nofp/crt0.o (memset)
C:/ST/STM32CubeIDE_1.14.0/STM32CubeIDE/plugins/com.st.stm32cube.ide.mcu.externaltools.gnu-tools-for-stm32.11.3.rel1.win32_1.1.100.202309141235/tools/bin/../lib/gcc/arm-none-eabi/11.3.1/../../../../arm-none-eabi/lib/thumb/v7-m/nofp\libc_nano.a(libc_a-closer.o)
                              C:/ST/STM32CubeIDE_1.14.0/STM32CubeIDE/plugins/com.st.stm32cube.ide.mcu.externaltools.gnu-tools-for-stm32.11.3.rel1.win32_1.1.100.202309141235/tools/bin/../lib/gcc/arm-none-eabi/11.3.1/../../../../arm-none-eabi/lib/thumb/v7-m/nofp\libc_nano.a(libc_a-stdio.o) (_close_r)
C:/ST/STM32CubeIDE_1.14.0/STM32CubeIDE/plugins/com.st.stm32cube.ide.mcu.externaltools.gnu-tools-for-stm32.11.3.rel1.win32_1.1.100.202309141235/tools/bin/../lib/gcc/arm-none-eabi/11.3.1/../../../../arm-none-eabi/lib/thumb/v7-m/nofp\libc_nano.a(libc_a-reent.o)
                              ./Middlewares/Third_Party/FreeRTOS/Source/tasks.o (_reclaim_reent)
C:/ST/STM32CubeIDE_1.14.0/STM32CubeIDE/plugins/com.st.stm32cube.ide.mcu.externaltools.gnu-tools-for-stm32.11.3.rel1.win32_1.1.100.202309141235/tools/bin/../lib/gcc/arm-none-eabi/11.3.1/../../../../arm-none-eabi/lib/thumb/v7-m/nofp\libc_nano.a(libc_a-impure.o)
                              ./Middlewares/Third_Party/FreeRTOS/Source/tasks.o (_impure_ptr)
C:/ST/STM32CubeIDE_1.14.0/STM32CubeIDE/plugins/com.st.stm32cube.ide.mcu.externaltools.gnu-tools-for-stm32.11.3.rel1.win32_1.1.100.202309141235/tools/bin/../lib/gcc/arm-none-eabi/11.3.1/../../../../arm-none-eabi/lib/thumb/v7-m/nofp\libc_nano.a(libc_a-lseekr.o)
                              C:/ST/STM32CubeIDE_1.14.0/STM32CubeIDE/plugins/com.st.stm32cube.ide.mcu.externaltools.gnu-tools-for-stm32.11.3.rel1.win32_1.1.100.202309141235/tools/bin/../lib/gcc/arm-none-eabi/11.3.1/../../../../arm-none-eabi/lib/thumb/v7-m/nofp\libc_nano.a(libc_a-stdio.o) (_lseek_r)
C:/ST/STM32CubeIDE_1.14.0/STM32CubeIDE/plugins/com.st.stm32cube.ide.mcu.externaltools.gnu-tools-for-stm32.11.3.rel1.win32_1.1.100.202309141235/tools/bin/../lib/gcc/arm-none-eabi/11.3.1/../../../../arm-none-eabi/lib/thumb/v7-m/nofp\libc_nano.a(libc_a-readr.o)
                              C:/ST/STM32CubeIDE_1.14.0/STM32CubeIDE/plugins/com.st.stm32cube.ide.mcu.externaltools.gnu-tools-for-stm32.11.3.rel1.win32_1.1.100.202309141235/tools/bin/../lib/gcc/arm-none-eabi/11.3.1/../../../../arm-none-eabi/lib/thumb/v7-m/nofp\libc_nano.a(libc_a-stdio.o) (_read_r)
[...]
Memory Configuration

Name             Origin             Length             Attributes
RAM              0x0000000020000000 0x0000000000005000 xrw
FLASH            0x0000000008000000 0x0000000000010000 xr
*default*        0x0000000000000000 0xffffffffffffffff

Linker script and memory map

LOAD C:/ST/STM32CubeIDE_1.14.0/STM32CubeIDE/plugins/com.st.stm32cube.ide.mcu.externaltools.gnu-tools-for-stm32.11.3.rel1.win32_1.1.100.202309141235/tools/bin/../lib/gcc/arm-none-eabi/11.3.1/thumb/v7-m/nofp/crti.o
LOAD C:/ST/STM32CubeIDE_1.14.0/STM32CubeIDE/plugins/com.st.stm32cube.ide.mcu.externaltools.gnu-tools-for-stm32.11.3.rel1.win32_1.1.100.202309141235/tools/bin/../lib/gcc/arm-none-eabi/11.3.1/thumb/v7-m/nofp/crtbegin.o
LOAD C:/ST/STM32CubeIDE_1.14.0/STM32CubeIDE/plugins/com.st.stm32cube.ide.mcu.externaltools.gnu-tools-for-stm32.11.3.rel1.win32_1.1.100.202309141235/tools/bin/../lib/gcc/arm-none-eabi/11.3.1/../../../../arm-none-eabi/lib/thumb/v7-m/nofp/crt0.o
LOAD ./Core/Src/freertos.o
LOAD ./Core/Src/main.o
LOAD ./Core/Src/stm32f1xx_hal_msp.o
LOAD ./Core/Src/stm32f1xx_hal_timebase_tim.o
LOAD ./Core/Src/stm32f1xx_it.o
LOAD ./Core/Src/syscalls.o
LOAD ./Core/Src/sysmem.o
LOAD ./Core/Src/system_stm32f1xx.o
LOAD ./Core/Startup/startup_stm32f103c8tx.o
LOAD ./Drivers/STM32F1xx_HAL_Driver/Src/stm32f1xx_hal.o
LOAD ./Drivers/STM32F1xx_HAL_Driver/Src/stm32f1xx_hal_cortex.o
LOAD ./Drivers/STM32F1xx_HAL_Driver/Src/stm32f1xx_hal_dma.o
LOAD ./Drivers/STM32F1xx_HAL_Driver/Src/stm32f1xx_hal_exti.o
LOAD ./Drivers/STM32F1xx_HAL_Driver/Src/stm32f1xx_hal_flash.o
LOAD ./Drivers/STM32F1xx_HAL_Driver/Src/stm32f1xx_hal_flash_ex.o
LOAD ./Drivers/STM32F1xx_HAL_Driver/Src/stm32f1xx_hal_gpio.o
LOAD ./Drivers/STM32F1xx_HAL_Driver/Src/stm32f1xx_hal_gpio_ex.o
LOAD ./Drivers/STM32F1xx_HAL_Driver/Src/stm32f1xx_hal_i2c.o
LOAD ./Drivers/STM32F1xx_HAL_Driver/Src/stm32f1xx_hal_pcd.o
LOAD ./Drivers/STM32F1xx_HAL_Driver/Src/stm32f1xx_hal_pcd_ex.o
LOAD ./Drivers/STM32F1xx_HAL_Driver/Src/stm32f1xx_hal_pwr.o
LOAD ./Drivers/STM32F1xx_HAL_Driver/Src/stm32f1xx_hal_rcc.o
LOAD ./Drivers/STM32F1xx_HAL_Driver/Src/stm32f1xx_hal_rcc_ex.o
LOAD ./Drivers/STM32F1xx_HAL_Driver/Src/stm32f1xx_hal_tim.o
LOAD ./Drivers/STM32F1xx_HAL_Driver/Src/stm32f1xx_hal_tim_ex.o
LOAD ./Drivers/STM32F1xx_HAL_Driver/Src/stm32f1xx_hal_uart.o
LOAD ./Drivers/STM32F1xx_HAL_Driver/Src/stm32f1xx_ll_usb.o
LOAD ./Middlewares/ST/STM32_USB_Device_Library/Class/DFU/Src/usbd_dfu.o
LOAD ./Middlewares/ST/STM32_USB_Device_Library/Core/Src/usbd_core.o
LOAD ./Middlewares/ST/STM32_USB_Device_Library/Core/Src/usbd_ctlreq.o
LOAD ./Middlewares/ST/STM32_USB_Device_Library/Core/Src/usbd_ioreq.o
LOAD ./Middlewares/Third_Party/FreeRTOS/Source/CMSIS_RTOS/cmsis_os.o
LOAD ./Middlewares/Third_Party/FreeRTOS/Source/croutine.o
LOAD ./Middlewares/Third_Party/FreeRTOS/Source/event_groups.o
LOAD ./Middlewares/Third_Party/FreeRTOS/Source/list.o
LOAD ./Middlewares/Third_Party/FreeRTOS/Source/queue.o
LOAD ./Middlewares/Third_Party/FreeRTOS/Source/stream_buffer.o
LOAD ./Middlewares/Third_Party/FreeRTOS/Source/tasks.o
LOAD ./Middlewares/Third_Party/FreeRTOS/Source/timers.o
LOAD ./Middlewares/Third_Party/FreeRTOS/Source/portable/GCC/ARM_CM3/port.o
LOAD ./Middlewares/Third_Party/FreeRTOS/Source/portable/MemMang/heap_4.o
LOAD ./USB_DEVICE/App/usb_device.o
LOAD ./USB_DEVICE/App/usbd_desc.o
LOAD ./USB_DEVICE/App/usbd_dfu_if.o
LOAD ./USB_DEVICE/Target/usbd_conf.o
START GROUP
LOAD C:/ST/STM32CubeIDE_1.14.0/STM32CubeIDE/plugins/com.st.stm32cube.ide.mcu.externaltools.gnu-tools-for-stm32.11.3.rel1.win32_1.1.100.202309141235/tools/bin/../lib/gcc/arm-none-eabi/11.3.1/../../../../arm-none-eabi/lib/thumb/v7-m/nofp\libc_nano.a
LOAD C:/ST/STM32CubeIDE_1.14.0/STM32CubeIDE/plugins/com.st.stm32cube.ide.mcu.externaltools.gnu-tools-for-stm32.11.3.rel1.win32_1.1.100.202309141235/tools/bin/../lib/gcc/arm-none-eabi/11.3.1/../../../../arm-none-eabi/lib/thumb/v7-m/nofp\libm.a
END GROUP
START GROUP
LOAD C:/ST/STM32CubeIDE_1.14.0/STM32CubeIDE/plugins/com.st.stm32cube.ide.mcu.externaltools.gnu-tools-for-stm32.11.3.rel1.win32_1.1.100.202309141235/tools/bin/../lib/gcc/arm-none-eabi/11.3.1/thumb/v7-m/nofp\libgcc.a
LOAD C:/ST/STM32CubeIDE_1.14.0/STM32CubeIDE/plugins/com.st.stm32cube.ide.mcu.externaltools.gnu-tools-for-stm32.11.3.rel1.win32_1.1.100.202309141235/tools/bin/../lib/gcc/arm-none-eabi/11.3.1/../../../../arm-none-eabi/lib/thumb/v7-m/nofp\libc_nano.a
END GROUP
START GROUP
LOAD C:/ST/STM32CubeIDE_1.14.0/STM32CubeIDE/plugins/com.st.stm32cube.ide.mcu.externaltools.gnu-tools-for-stm32.11.3.rel1.win32_1.1.100.202309141235/tools/bin/../lib/gcc/arm-none-eabi/11.3.1/thumb/v7-m/nofp\libgcc.a
LOAD C:/ST/STM32CubeIDE_1.14.0/STM32CubeIDE/plugins/com.st.stm32cube.ide.mcu.externaltools.gnu-tools-for-stm32.11.3.rel1.win32_1.1.100.202309141235/tools/bin/../lib/gcc/arm-none-eabi/11.3.1/../../../../arm-none-eabi/lib/thumb/v7-m/nofp\libc_nano.a
LOAD C:/ST/STM32CubeIDE_1.14.0/STM32CubeIDE/plugins/com.st.stm32cube.ide.mcu.externaltools.gnu-tools-for-stm32.11.3.rel1.win32_1.1.100.202309141235/tools/bin/../lib/gcc/arm-none-eabi/11.3.1/../../../../arm-none-eabi/lib/thumb/v7-m/nofp\libnosys.a
END GROUP
START GROUP
LOAD C:/ST/STM32CubeIDE_1.14.0/STM32CubeIDE/plugins/com.st.stm32cube.ide.mcu.externaltools.gnu-tools-for-stm32.11.3.rel1.win32_1.1.100.202309141235/tools/bin/../lib/gcc/arm-none-eabi/11.3.1/thumb/v7-m/nofp\libgcc.a
LOAD C:/ST/STM32CubeIDE_1.14.0/STM32CubeIDE/plugins/com.st.stm32cube.ide.mcu.externaltools.gnu-tools-for-stm32.11.3.rel1.win32_1.1.100.202309141235/tools/bin/../lib/gcc/arm-none-eabi/11.3.1/../../../../arm-none-eabi/lib/thumb/v7-m/nofp\libc_nano.a
LOAD C:/ST/STM32CubeIDE_1.14.0/STM32CubeIDE/plugins/com.st.stm32cube.ide.mcu.externaltools.gnu-tools-for-stm32.11.3.rel1.win32_1.1.100.202309141235/tools/bin/../lib/gcc/arm-none-eabi/11.3.1/../../../../arm-none-eabi/lib/thumb/v7-m/nofp\libnosys.a
END GROUP
LOAD C:/ST/STM32CubeIDE_1.14.0/STM32CubeIDE/plugins/com.st.stm32cube.ide.mcu.externaltools.gnu-tools-for-stm32.11.3.rel1.win32_1.1.100.202309141235/tools/bin/../lib/gcc/arm-none-eabi/11.3.1/thumb/v7-m/nofp/crtend.o
LOAD C:/ST/STM32CubeIDE_1.14.0/STM32CubeIDE/plugins/com.st.stm32cube.ide.mcu.externaltools.gnu-tools-for-stm32.11.3.rel1.win32_1.1.100.202309141235/tools/bin/../lib/gcc/arm-none-eabi/11.3.1/thumb/v7-m/nofp/crtn.o
                0x0000000020005000                _estack = (ORIGIN (RAM) + LENGTH (RAM))
                0x0000000000000200                _Min_Heap_Size = 0x200
                0x0000000000000400                _Min_Stack_Size = 0x400

.isr_vector     0x0000000008000000      0x10c
                0x0000000008000000                . = ALIGN (0x4)
 *(.isr_vector)
 .isr_vector    0x0000000008000000      0x10c ./Core/Startup/startup_stm32f103c8tx.o
                0x0000000008000000                g_pfnVectors
                0x000000000800010c                . = ALIGN (0x4)

.text           0x0000000008000110     0x9928
                0x0000000008000110                . = ALIGN (0x4)
 *(.text)
 .text          0x0000000008000110       0x40 C:/ST/STM32CubeIDE_1.14.0/STM32CubeIDE/plugins/com.st.stm32cube.ide.mcu.externaltools.gnu-tools-for-stm32.11.3.rel1.win32_1.1.100.202309141235/tools/bin/../lib/gcc/arm-none-eabi/11.3.1/thumb/v7-m/nofp/crtbegin.o
 *(.text*)
 .text.vApplicationGetIdleTaskMemory
                0x0000000008000150       0x30 ./Core/Src/freertos.o
                0x0000000008000150                vApplicationGetIdleTaskMemory
 .text.main     0x0000000008000180       0xa8 ./Core/Src/main.o
                0x0000000008000180                main
 .text.SystemClock_Config
                0x0000000008000228       0xb6 ./Core/Src/main.o
                0x0000000008000228                SystemClock_Config
 *fill*         0x00000000080002de        0x2 
 .text.MX_I2C1_Init
                0x00000000080002e0       0x5c ./Core/Src/main.o
 .text.MX_USART1_UART_Init
                0x000000000800033c       0x54 ./Core/Src/main.o
 .text.MX_GPIO_Init
                0x0000000008000390       0x94 ./Core/Src/main.o
 .text.StartReadMPU6050
                0x0000000008000424       0x20 ./Core/Src/main.o
                0x0000000008000424                StartReadMPU6050
 .text.StartCalculatePID
                0x0000000008000444       0x1c ./Core/Src/main.o
                0x0000000008000444                StartCalculatePID
 .text.StartControllESC
                0x0000000008000460       0x1c ./Core/Src/main.o
                0x0000000008000460                StartControllESC
 .text.HAL_TIM_PeriodElapsedCallback
                0x000000000800047c       0x24 ./Core/Src/main.o
                0x000000000800047c                HAL_TIM_PeriodElapsedCallback
 .text.Error_Handler
                0x00000000080004a0        0xa ./Core/Src/main.o
                0x00000000080004a0                Error_Handler
 *fill*         0x00000000080004aa        0x2 
 .text.HAL_MspInit
                0x00000000080004ac       0x70 ./Core/Src/stm32f1xx_hal_msp.o
                0x00000000080004ac                HAL_MspInit
 .text.HAL_I2C_MspInit
                0x000000000800051c       0x7c ./Core/Src/stm32f1xx_hal_msp.o
                0x000000000800051c                HAL_I2C_MspInit
 .text.HAL_UART_MspInit
                0x0000000008000598       0x98 ./Core/Src/stm32f1xx_hal_msp.o
                0x0000000008000598                HAL_UART_MspInit
 .text.HAL_InitTick
                0x0000000008000630       0xfc ./Core/Src/stm32f1xx_hal_timebase_tim.o
                0x0000000008000630                HAL_InitTick
 .text.NMI_Handler
                0x000000000800072c        0x6 ./Core/Src/stm32f1xx_it.o
                0x000000000800072c                NMI_Handler
 .text.HardFault_Handler
                0x0000000008000732        0x6 ./Core/Src/stm32f1xx_it.o
                0x0000000008000732                HardFault_Handler
 .text.MemManage_Handler
                0x0000000008000738        0x6 ./Core/Src/stm32f1xx_it.o
                0x0000000008000738                MemManage_Handler
 .text.BusFault_Handler
                0x000000000800073e        0x6 ./Core/Src/stm32f1xx_it.o
                0x000000000800073e                BusFault_Handler
 .text.UsageFault_Handler
                0x0000000008000744        0x6 ./Core/Src/stm32f1xx_it.o
                0x0000000008000744                UsageFault_Handler
 .text.DebugMon_Handler
                0x000000000800074a        0xc ./Core/Src/stm32f1xx_it.o
                0x000000000800074a                DebugMon_Handler
 *fill*         0x0000000008000756        0x2 
 .text.USB_LP_CAN1_RX0_IRQHandler
                0x0000000008000758       0x14 ./Core/Src/stm32f1xx_it.o
                0x0000000008000758                USB_LP_CAN1_RX0_IRQHandler
 .text.TIM3_IRQHandler
                0x000000000800076c       0x14 ./Core/Src/stm32f1xx_it.o
                0x000000000800076c                TIM3_IRQHandler
 .text.SystemInit
                0x0000000008000780        0xc ./Core/Src/system_stm32f1xx.o
                0x0000000008000780                SystemInit
 .text.Reset_Handler
                0x000000000800078c       0x48 ./Core/Startup/startup_stm32f103c8tx.o
                0x000000000800078c                Reset_Handler
 .text.Default_Handler
                0x00000000080007d4        0x2 ./Core/Startup/startup_stm32f103c8tx.o
                0x00000000080007d4                RTC_Alarm_IRQHandler
                0x00000000080007d4                EXTI2_IRQHandler
                0x00000000080007d4                TIM1_CC_IRQHandler
                0x00000000080007d4                PVD_IRQHandler
                0x00000000080007d4                EXTI3_IRQHandler
                0x00000000080007d4                EXTI0_IRQHandler
                0x00000000080007d4                I2C2_EV_IRQHandler
                0x00000000080007d4                ADC1_2_IRQHandler
                0x00000000080007d4                SPI1_IRQHandler
                0x00000000080007d4                TAMPER_IRQHandler
                0x00000000080007d4                DMA1_Channel4_IRQHandler
                0x00000000080007d4                USART3_IRQHandler
                0x00000000080007d4                RTC_IRQHandler
                0x00000000080007d4                DMA1_Channel7_IRQHandler
                0x00000000080007d4                CAN1_RX1_IRQHandler
                0x00000000080007d4                TIM4_IRQHandler
                0x00000000080007d4                I2C1_EV_IRQHandler
                0x00000000080007d4                DMA1_Channel6_IRQHandler
                0x00000000080007d4                RCC_IRQHandler
                0x00000000080007d4                TIM1_TRG_COM_IRQHandler
                0x00000000080007d4                DMA1_Channel1_IRQHandler
                0x00000000080007d4                Default_Handler
                0x00000000080007d4                EXTI15_10_IRQHandler
                0x00000000080007d4                EXTI9_5_IRQHandler
                0x00000000080007d4                SPI2_IRQHandler
                0x00000000080007d4                DMA1_Channel5_IRQHandler
                0x00000000080007d4                EXTI4_IRQHandler
                0x00000000080007d4                USB_HP_CAN1_TX_IRQHandler
                0x00000000080007d4                DMA1_Channel3_IRQHandler
                0x00000000080007d4                TIM1_UP_IRQHandler
                0x00000000080007d4                WWDG_IRQHandler
                0x00000000080007d4                TIM2_IRQHandler
                0x00000000080007d4                TIM1_BRK_IRQHandler
                0x00000000080007d4                EXTI1_IRQHandler
                0x00000000080007d4                USART2_IRQHandler
                0x00000000080007d4                I2C2_ER_IRQHandler
                0x00000000080007d4                DMA1_Channel2_IRQHandler
                0x00000000080007d4                CAN1_SCE_IRQHandler
                0x00000000080007d4                FLASH_IRQHandler
                0x00000000080007d4                USART1_IRQHandler
                0x00000000080007d4                I2C1_ER_IRQHandler
                0x00000000080007d4                USBWakeUp_IRQHandler
 *fill*         0x00000000080007d6        0x2 
 .text.HAL_Init
                0x00000000080007d8       0x2c ./Drivers/STM32F1xx_HAL_Driver/Src/stm32f1xx_hal.o
                0x00000000080007d8                HAL_Init
 .text.HAL_IncTick
                0x0000000008000804       0x24 ./Drivers/STM32F1xx_HAL_Driver/Src/stm32f1xx_hal.o
                0x0000000008000804                HAL_IncTick
 .text.HAL_GetTick
                0x0000000008000828       0x14 ./Drivers/STM32F1xx_HAL_Driver/Src/stm32f1xx_hal.o
                0x0000000008000828                HAL_GetTick
 .text.HAL_Delay
                0x000000000800083c       0x48 ./Drivers/STM32F1xx_HAL_Driver/Src/stm32f1xx_hal.o
                0x000000000800083c                HAL_Delay
 .text.__NVIC_SetPriorityGrouping
                0x0000000008000884       0x48 ./Drivers/STM32F1xx_HAL_Driver/Src/stm32f1xx_hal_cortex.o
 .text.__NVIC_GetPriorityGrouping
                0x00000000080008cc       0x1c ./Drivers/STM32F1xx_HAL_Driver/Src/stm32f1xx_hal_cortex.o
 .text.__NVIC_EnableIRQ
                0x00000000080008e8       0x38 ./Drivers/STM32F1xx_HAL_Driver/Src/stm32f1xx_hal_cortex.o
 .text.__NVIC_SetPriority
                0x0000000008000920       0x54 ./Drivers/STM32F1xx_HAL_Driver/Src/stm32f1xx_hal_cortex.o
 .text.NVIC_EncodePriority
                0x0000000008000974       0x64 ./Drivers/STM32F1xx_HAL_Driver/Src/stm32f1xx_hal_cortex.o
 .text.HAL_NVIC_SetPriorityGrouping
                0x00000000080009d8       0x16 ./Drivers/STM32F1xx_HAL_Driver/Src/stm32f1xx_hal_cortex.o
                0x00000000080009d8                HAL_NVIC_SetPriorityGrouping
 .text.HAL_NVIC_SetPriority
                0x00000000080009ee       0x38 ./Drivers/STM32F1xx_HAL_Driver/Src/stm32f1xx_hal_cortex.o
                0x00000000080009ee                HAL_NVIC_SetPriority
 .text.HAL_NVIC_EnableIRQ
                0x0000000008000a26       0x1c ./Drivers/STM32F1xx_HAL_Driver/Src/stm32f1xx_hal_cortex.o
                0x0000000008000a26                HAL_NVIC_EnableIRQ
 *fill*         0x0000000008000a42        0x2 
 .text.HAL_GPIO_Init
                0x0000000008000a44      0x308 ./Drivers/STM32F1xx_HAL_Driver/Src/stm32f1xx_hal_gpio.o
                0x0000000008000a44                HAL_GPIO_Init
 .text.HAL_GPIO_WritePin
                0x0000000008000d4c       0x30 ./Drivers/STM32F1xx_HAL_Driver/Src/stm32f1xx_hal_gpio.o
                0x0000000008000d4c                HAL_GPIO_WritePin
 .text.HAL_GPIO_TogglePin
                0x0000000008000d7c       0x32 ./Drivers/STM32F1xx_HAL_Driver/Src/stm32f1xx_hal_gpio.o
                0x0000000008000d7c                HAL_GPIO_TogglePin
 *fill*         0x0000000008000dae        0x2 
 .text.HAL_I2C_Init
                0x0000000008000db0      0x288 ./Drivers/STM32F1xx_HAL_Driver/Src/stm32f1xx_hal_i2c.o
                0x0000000008000db0                HAL_I2C_Init
 .text.HAL_PCD_Init
                0x0000000008001038      0x1fe ./Drivers/STM32F1xx_HAL_Driver/Src/stm32f1xx_hal_pcd.o
                0x0000000008001038                HAL_PCD_Init
 .text.HAL_PCD_Start
                0x0000000008001236       0x4c ./Drivers/STM32F1xx_HAL_Driver/Src/stm32f1xx_hal_pcd.o
                0x0000000008001236                HAL_PCD_Start
 .text.HAL_PCD_Stop
                0x0000000008001282       0x4c ./Drivers/STM32F1xx_HAL_Driver/Src/stm32f1xx_hal_pcd.o
                0x0000000008001282                HAL_PCD_Stop
 .text.HAL_PCD_IRQHandler
                0x00000000080012ce      0x260 ./Drivers/STM32F1xx_HAL_Driver/Src/stm32f1xx_hal_pcd.o
                0x00000000080012ce                HAL_PCD_IRQHandler
 .text.HAL_PCD_SetAddress
                0x000000000800152e       0x4a ./Drivers/STM32F1xx_HAL_Driver/Src/stm32f1xx_hal_pcd.o
                0x000000000800152e                HAL_PCD_SetAddress
 .text.HAL_PCD_EP_Open
                0x0000000008001578       0xba ./Drivers/STM32F1xx_HAL_Driver/Src/stm32f1xx_hal_pcd.o
                0x0000000008001578                HAL_PCD_EP_Open
 .text.HAL_PCD_EP_Receive
                0x0000000008001632       0x62 ./Drivers/STM32F1xx_HAL_Driver/Src/stm32f1xx_hal_pcd.o
                0x0000000008001632                HAL_PCD_EP_Receive
 .text.HAL_PCD_EP_Transmit
                0x0000000008001694       0x6e ./Drivers/STM32F1xx_HAL_Driver/Src/stm32f1xx_hal_pcd.o
                0x0000000008001694                HAL_PCD_EP_Transmit
 .text.HAL_PCD_EP_SetStall
                0x0000000008001702       0xc0 ./Drivers/STM32F1xx_HAL_Driver/Src/stm32f1xx_hal_pcd.o
                0x0000000008001702                HAL_PCD_EP_SetStall
 .text.HAL_PCD_EP_ClrStall
                0x00000000080017c2       0xa8 ./Drivers/STM32F1xx_HAL_Driver/Src/stm32f1xx_hal_pcd.o
                0x00000000080017c2                HAL_PCD_EP_ClrStall
 .text.PCD_EP_ISR_Handler
                0x000000000800186a      0x7a6 ./Drivers/STM32F1xx_HAL_Driver/Src/stm32f1xx_hal_pcd.o
 .text.HAL_PCD_EP_DB_Receive
                0x0000000008002010      0x21a ./Drivers/STM32F1xx_HAL_Driver/Src/stm32f1xx_hal_pcd.o
 .text.HAL_PCD_EP_DB_Transmit
                0x000000000800222a      0x7f4 ./Drivers/STM32F1xx_HAL_Driver/Src/stm32f1xx_hal_pcd.o
 .text.HAL_PCDEx_PMAConfig
                0x0000000008002a1e       0x84 ./Drivers/STM32F1xx_HAL_Driver/Src/stm32f1xx_hal_pcd_ex.o
                0x0000000008002a1e                HAL_PCDEx_PMAConfig
 *fill*         0x0000000008002aa2        0x2 
 .text.HAL_RCC_OscConfig
                0x0000000008002aa4      0x504 ./Drivers/STM32F1xx_HAL_Driver/Src/stm32f1xx_hal_rcc.o
                0x0000000008002aa4                HAL_RCC_OscConfig
 .text.HAL_RCC_ClockConfig
                0x0000000008002fa8      0x1d4 ./Drivers/STM32F1xx_HAL_Driver/Src/stm32f1xx_hal_rcc.o
                0x0000000008002fa8                HAL_RCC_ClockConfig
 .text.HAL_RCC_GetSysClockFreq
                0x000000000800317c       0xa8 ./Drivers/STM32F1xx_HAL_Driver/Src/stm32f1xx_hal_rcc.o
                0x000000000800317c                HAL_RCC_GetSysClockFreq
 .text.HAL_RCC_GetHCLKFreq
                0x0000000008003224       0x14 ./Drivers/STM32F1xx_HAL_Driver/Src/stm32f1xx_hal_rcc.o
                0x0000000008003224                HAL_RCC_GetHCLKFreq
 .text.HAL_RCC_GetPCLK1Freq
                0x0000000008003238       0x28 ./Drivers/STM32F1xx_HAL_Driver/Src/stm32f1xx_hal_rcc.o
                0x0000000008003238                HAL_RCC_GetPCLK1Freq
 .text.HAL_RCC_GetPCLK2Freq
                0x0000000008003260       0x28 ./Drivers/STM32F1xx_HAL_Driver/Src/stm32f1xx_hal_rcc.o
                0x0000000008003260                HAL_RCC_GetPCLK2Freq
 .text.HAL_RCC_GetClockConfig
                0x0000000008003288       0x60 ./Drivers/STM32F1xx_HAL_Driver/Src/stm32f1xx_hal_rcc.o
                0x0000000008003288                HAL_RCC_GetClockConfig
 .text.RCC_Delay
                0x00000000080032e8       0x3c ./Drivers/STM32F1xx_HAL_Driver/Src/stm32f1xx_hal_rcc.o
 .text.HAL_RCCEx_PeriphCLKConfig
                0x0000000008003324      0x16c ./Drivers/STM32F1xx_HAL_Driver/Src/stm32f1xx_hal_rcc_ex.o
                0x0000000008003324                HAL_RCCEx_PeriphCLKConfig
 .text.HAL_TIM_Base_Init
                0x0000000008003490       0x9e ./Drivers/STM32F1xx_HAL_Driver/Src/stm32f1xx_hal_tim.o
                0x0000000008003490                HAL_TIM_Base_Init
 .text.HAL_TIM_Base_MspInit
                0x000000000800352e       0x12 ./Drivers/STM32F1xx_HAL_Driver/Src/stm32f1xx_hal_tim.o
                0x000000000800352e                HAL_TIM_Base_MspInit
 .text.HAL_TIM_Base_Start_IT
                0x0000000008003540       0xa4 ./Drivers/STM32F1xx_HAL_Driver/Src/stm32f1xx_hal_tim.o
                0x0000000008003540                HAL_TIM_Base_Start_IT
 .text.HAL_TIM_IRQHandler
                0x00000000080035e4      0x210 ./Drivers/STM32F1xx_HAL_Driver/Src/stm32f1xx_hal_tim.o
                0x00000000080035e4                HAL_TIM_IRQHandler
 .text.HAL_TIM_OC_DelayElapsedCallback
                0x00000000080037f4       0x12 ./Drivers/STM32F1xx_HAL_Driver/Src/stm32f1xx_hal_tim.o
                0x00000000080037f4                HAL_TIM_OC_DelayElapsedCallback
 .text.HAL_TIM_IC_CaptureCallback
                0x0000000008003806       0x12 ./Drivers/STM32F1xx_HAL_Driver/Src/stm32f1xx_hal_tim.o
                0x0000000008003806                HAL_TIM_IC_CaptureCallback
 .text.HAL_TIM_PWM_PulseFinishedCallback
                0x0000000008003818       0x12 ./Drivers/STM32F1xx_HAL_Driver/Src/stm32f1xx_hal_tim.o
                0x0000000008003818                HAL_TIM_PWM_PulseFinishedCallback
 .text.HAL_TIM_TriggerCallback
                0x000000000800382a       0x12 ./Drivers/STM32F1xx_HAL_Driver/Src/stm32f1xx_hal_tim.o
                0x000000000800382a                HAL_TIM_TriggerCallback
 .text.TIM_Base_SetConfig
                0x000000000800383c       0xc4 ./Drivers/STM32F1xx_HAL_Driver/Src/stm32f1xx_hal_tim.o
                0x000000000800383c                TIM_Base_SetConfig
 .text.HAL_TIMEx_CommutCallback
                0x0000000008003900       0x12 ./Drivers/STM32F1xx_HAL_Driver/Src/stm32f1xx_hal_tim_ex.o
                0x0000000008003900                HAL_TIMEx_CommutCallback
 .text.HAL_TIMEx_BreakCallback
                0x0000000008003912       0x12 ./Drivers/STM32F1xx_HAL_Driver/Src/stm32f1xx_hal_tim_ex.o
                0x0000000008003912                HAL_TIMEx_BreakCallback
 .text.HAL_UART_Init
                0x0000000008003924       0xa0 ./Drivers/STM32F1xx_HAL_Driver/Src/stm32f1xx_hal_uart.o
                0x0000000008003924                HAL_UART_Init
 .text.UART_SetConfig
                0x00000000080039c4      0x11c ./Drivers/STM32F1xx_HAL_Driver/Src/stm32f1xx_hal_uart.o
 .text.USB_CoreInit
                0x0000000008003ae0       0x20 ./Drivers/STM32F1xx_HAL_Driver/Src/stm32f1xx_ll_usb.o
                0x0000000008003ae0                USB_CoreInit
 .text.USB_EnableGlobalInt
                0x0000000008003b00       0x2c ./Drivers/STM32F1xx_HAL_Driver/Src/stm32f1xx_ll_usb.o
                0x0000000008003b00                USB_EnableGlobalInt
 .text.USB_DisableGlobalInt
                0x0000000008003b2c       0x34 ./Drivers/STM32F1xx_HAL_Driver/Src/stm32f1xx_ll_usb.o
                0x0000000008003b2c                USB_DisableGlobalInt
 .text.USB_SetCurrentMode
                0x0000000008003b60       0x18 ./Drivers/STM32F1xx_HAL_Driver/Src/stm32f1xx_ll_usb.o
                0x0000000008003b60                USB_SetCurrentMode
 .text.USB_DevInit
                0x0000000008003b78       0x40 ./Drivers/STM32F1xx_HAL_Driver/Src/stm32f1xx_ll_usb.o
                0x0000000008003b78                USB_DevInit
 .text.USB_ActivateEndpoint
                0x0000000008003bb8      0x780 ./Drivers/STM32F1xx_HAL_Driver/Src/stm32f1xx_ll_usb.o
                0x0000000008003bb8                USB_ActivateEndpoint
 .text.USB_EPStartXfer
                0x0000000008004338     0x1762 ./Drivers/STM32F1xx_HAL_Driver/Src/stm32f1xx_ll_usb.o
                0x0000000008004338                USB_EPStartXfer
 .text.USB_EPSetStall
                0x0000000008005a9a       0xa0 ./Drivers/STM32F1xx_HAL_Driver/Src/stm32f1xx_ll_usb.o
                0x0000000008005a9a                USB_EPSetStall
 .text.USB_EPClearStall
                0x0000000008005b3a      0x15a ./Drivers/STM32F1xx_HAL_Driver/Src/stm32f1xx_ll_usb.o
                0x0000000008005b3a                USB_EPClearStall
 .text.USB_SetDevAddress
                0x0000000008005c94       0x26 ./Drivers/STM32F1xx_HAL_Driver/Src/stm32f1xx_ll_usb.o
                0x0000000008005c94                USB_SetDevAddress
 .text.USB_DevConnect
                0x0000000008005cba       0x14 ./Drivers/STM32F1xx_HAL_Driver/Src/stm32f1xx_ll_usb.o
                0x0000000008005cba                USB_DevConnect
 .text.USB_DevDisconnect
                0x0000000008005cce       0x14 ./Drivers/STM32F1xx_HAL_Driver/Src/stm32f1xx_ll_usb.o
                0x0000000008005cce                USB_DevDisconnect
 .text.USB_ReadInterrupts
                0x0000000008005ce2       0x1e ./Drivers/STM32F1xx_HAL_Driver/Src/stm32f1xx_ll_usb.o
                0x0000000008005ce2                USB_ReadInterrupts
 .text.USB_EP0_OutStart
                0x0000000008005d00       0x16 ./Drivers/STM32F1xx_HAL_Driver/Src/stm32f1xx_ll_usb.o
                0x0000000008005d00                USB_EP0_OutStart
 .text.USB_WritePMA
                0x0000000008005d16       0x8a ./Drivers/STM32F1xx_HAL_Driver/Src/stm32f1xx_ll_usb.o
                0x0000000008005d16                USB_WritePMA
 .text.USB_ReadPMA
                0x0000000008005da0       0x9e ./Drivers/STM32F1xx_HAL_Driver/Src/stm32f1xx_ll_usb.o
                0x0000000008005da0                USB_ReadPMA
 *fill*         0x0000000008005e3e        0x2 
 .text.__NVIC_SystemReset
                0x0000000008005e40       0x2c ./Middlewares/ST/STM32_USB_Device_Library/Class/DFU/Src/usbd_dfu.o
 .text.USBD_DFU_Init
                0x0000000008005e6c       0xb2 ./Middlewares/ST/STM32_USB_Device_Library/Class/DFU/Src/usbd_dfu.o
 .text.USBD_DFU_DeInit
                0x0000000008005f1e       0x6e ./Middlewares/ST/STM32_USB_Device_Library/Class/DFU/Src/usbd_dfu.o
 .text.USBD_DFU_Setup
                0x0000000008005f8c      0x1d4 ./Middlewares/ST/STM32_USB_Device_Library/Class/DFU/Src/usbd_dfu.o
 .text.USBD_DFU_GetCfgDesc
                0x0000000008006160       0x20 ./Middlewares/ST/STM32_USB_Device_Library/Class/DFU/Src/usbd_dfu.o
 .text.USBD_DFU_DataIn
                0x0000000008006180       0x18 ./Middlewares/ST/STM32_USB_Device_Library/Class/DFU/Src/usbd_dfu.o
 .text.USBD_DFU_EP0_RxReady
                0x0000000008006198       0x14 ./Middlewares/ST/STM32_USB_Device_Library/Class/DFU/Src/usbd_dfu.o
 .text.USBD_DFU_EP0_TxReady
                0x00000000080061ac      0x1ca ./Middlewares/ST/STM32_USB_Device_Library/Class/DFU/Src/usbd_dfu.o
 .text.USBD_DFU_SOF
                0x0000000008006376       0x14 ./Middlewares/ST/STM32_USB_Device_Library/Class/DFU/Src/usbd_dfu.o
 .text.USBD_DFU_IsoINIncomplete
                0x000000000800638a       0x18 ./Middlewares/ST/STM32_USB_Device_Library/Class/DFU/Src/usbd_dfu.o
 .text.USBD_DFU_IsoOutIncomplete
                0x00000000080063a2       0x18 ./Middlewares/ST/STM32_USB_Device_Library/Class/DFU/Src/usbd_dfu.o
 .text.USBD_DFU_DataOut
                0x00000000080063ba       0x18 ./Middlewares/ST/STM32_USB_Device_Library/Class/DFU/Src/usbd_dfu.o
 *fill*         0x00000000080063d2        0x2 
 .text.USBD_DFU_GetDeviceQualifierDesc
                0x00000000080063d4       0x20 ./Middlewares/ST/STM32_USB_Device_Library/Class/DFU/Src/usbd_dfu.o
 .text.USBD_DFU_GetUsrStringDesc
                0x00000000080063f4       0x38 ./Middlewares/ST/STM32_USB_Device_Library/Class/DFU/Src/usbd_dfu.o
 .text.USBD_DFU_RegisterMedia
                0x000000000800642c       0x24 ./Middlewares/ST/STM32_USB_Device_Library/Class/DFU/Src/usbd_dfu.o
                0x000000000800642c                USBD_DFU_RegisterMedia
 .text.DFU_Detach
                0x0000000008006450       0xc0 ./Middlewares/ST/STM32_USB_Device_Library/Class/DFU/Src/usbd_dfu.o
 .text.DFU_Download
                0x0000000008006510       0xd4 ./Middlewares/ST/STM32_USB_Device_Library/Class/DFU/Src/usbd_dfu.o
 .text.DFU_Upload
                0x00000000080065e4      0x1b0 ./Middlewares/ST/STM32_USB_Device_Library/Class/DFU/Src/usbd_dfu.o
 .text.DFU_GetStatus
                0x0000000008006794      0x164 ./Middlewares/ST/STM32_USB_Device_Library/Class/DFU/Src/usbd_dfu.o
 .text.DFU_ClearStatus
                0x00000000080068f8       0x9e ./Middlewares/ST/STM32_USB_Device_Library/Class/DFU/Src/usbd_dfu.o
 .text.DFU_GetState
                0x0000000008006996       0x28 ./Middlewares/ST/STM32_USB_Device_Library/Class/DFU/Src/usbd_dfu.o
 .text.DFU_Abort
                0x00000000080069be       0x98 ./Middlewares/ST/STM32_USB_Device_Library/Class/DFU/Src/usbd_dfu.o
 *fill*         0x0000000008006a56        0x2 
 .text.DFU_Leave
                0x0000000008006a58       0x9c ./Middlewares/ST/STM32_USB_Device_Library/Class/DFU/Src/usbd_dfu.o
 .text.USBD_Init
                0x0000000008006af4       0x56 ./Middlewares/ST/STM32_USB_Device_Library/Core/Src/usbd_core.o
                0x0000000008006af4                USBD_Init
 .text.USBD_RegisterClass
                0x0000000008006b4a       0x32 ./Middlewares/ST/STM32_USB_Device_Library/Core/Src/usbd_core.o
                0x0000000008006b4a                USBD_RegisterClass
 .text.USBD_Start
                0x0000000008006b7c       0x18 ./Middlewares/ST/STM32_USB_Device_Library/Core/Src/usbd_core.o
                0x0000000008006b7c                USBD_Start
 .text.USBD_Stop
                0x0000000008006b94       0x2c ./Middlewares/ST/STM32_USB_Device_Library/Core/Src/usbd_core.o
                0x0000000008006b94                USBD_Stop
 .text.USBD_RunTestMode
                0x0000000008006bc0       0x14 ./Middlewares/ST/STM32_USB_Device_Library/Core/Src/usbd_core.o
                0x0000000008006bc0                USBD_RunTestMode
 .text.USBD_SetClassConfig
                0x0000000008006bd4       0x3e ./Middlewares/ST/STM32_USB_Device_Library/Core/Src/usbd_core.o
                0x0000000008006bd4                USBD_SetClassConfig
 .text.USBD_ClrClassConfig
                0x0000000008006c12       0x26 ./Middlewares/ST/STM32_USB_Device_Library/Core/Src/usbd_core.o
                0x0000000008006c12                USBD_ClrClassConfig
 .text.USBD_LL_SetupStage
                0x0000000008006c38       0x9a ./Middlewares/ST/STM32_USB_Device_Library/Core/Src/usbd_core.o
                0x0000000008006c38                USBD_LL_SetupStage
 .text.USBD_LL_DataOutStage
                0x0000000008006cd2       0xe2 ./Middlewares/ST/STM32_USB_Device_Library/Core/Src/usbd_core.o
                0x0000000008006cd2                USBD_LL_DataOutStage
 .text.USBD_LL_DataInStage
                0x0000000008006db4      0x14a ./Middlewares/ST/STM32_USB_Device_Library/Core/Src/usbd_core.o
                0x0000000008006db4                USBD_LL_DataInStage
 .text.USBD_LL_Reset
                0x0000000008006efe       0x82 ./Middlewares/ST/STM32_USB_Device_Library/Core/Src/usbd_core.o
                0x0000000008006efe                USBD_LL_Reset
 .text.USBD_LL_SetSpeed
                0x0000000008006f80       0x1e ./Middlewares/ST/STM32_USB_Device_Library/Core/Src/usbd_core.o
                0x0000000008006f80                USBD_LL_SetSpeed
 .text.USBD_LL_Suspend
                0x0000000008006f9e       0x28 ./Middlewares/ST/STM32_USB_Device_Library/Core/Src/usbd_core.o
                0x0000000008006f9e                USBD_LL_Suspend
 .text.USBD_LL_Resume
                0x0000000008006fc6       0x2a ./Middlewares/ST/STM32_USB_Device_Library/Core/Src/usbd_core.o
                0x0000000008006fc6                USBD_LL_Resume
 .text.USBD_LL_SOF
                0x0000000008006ff0       0x34 ./Middlewares/ST/STM32_USB_Device_Library/Core/Src/usbd_core.o
                0x0000000008006ff0                USBD_LL_SOF
 .text.USBD_StdDevReq
                0x0000000008007024       0xd4 ./Middlewares/ST/STM32_USB_Device_Library/Core/Src/usbd_ctlreq.o
                0x0000000008007024                USBD_StdDevReq
 .text.USBD_StdItfReq
                0x00000000080070f8       0x90 ./Middlewares/ST/STM32_USB_Device_Library/Core/Src/usbd_ctlreq.o
                0x00000000080070f8                USBD_StdItfReq
 .text.USBD_StdEPReq
                0x0000000008007188      0x2c6 ./Middlewares/ST/STM32_USB_Device_Library/Core/Src/usbd_ctlreq.o
                0x0000000008007188                USBD_StdEPReq
 *fill*         0x000000000800744e        0x2 
 .text.USBD_GetDescriptor
                0x0000000008007450      0x2f4 ./Middlewares/ST/STM32_USB_Device_Library/Core/Src/usbd_ctlreq.o
 .text.USBD_SetAddress
                0x0000000008007744       0x86 ./Middlewares/ST/STM32_USB_Device_Library/Core/Src/usbd_ctlreq.o
 *fill*         0x00000000080077ca        0x2 
 .text.USBD_SetConfig
                0x00000000080077cc      0x11c ./Middlewares/ST/STM32_USB_Device_Library/Core/Src/usbd_ctlreq.o
 .text.USBD_GetConfig
                0x00000000080078e8       0x6a ./Middlewares/ST/STM32_USB_Device_Library/Core/Src/usbd_ctlreq.o
 .text.USBD_GetStatus
                0x0000000008007952       0x66 ./Middlewares/ST/STM32_USB_Device_Library/Core/Src/usbd_ctlreq.o
 .text.USBD_SetFeature
                0x00000000080079b8       0x28 ./Middlewares/ST/STM32_USB_Device_Library/Core/Src/usbd_ctlreq.o
 .text.USBD_ClrFeature
                0x00000000080079e0       0x42 ./Middlewares/ST/STM32_USB_Device_Library/Core/Src/usbd_ctlreq.o
 .text.USBD_ParseSetupRequest
                0x0000000008007a22       0x78 ./Middlewares/ST/STM32_USB_Device_Library/Core/Src/usbd_ctlreq.o
                0x0000000008007a22                USBD_ParseSetupRequest
 .text.USBD_CtlError
                0x0000000008007a9a       0x22 ./Middlewares/ST/STM32_USB_Device_Library/Core/Src/usbd_ctlreq.o
                0x0000000008007a9a                USBD_CtlError
 .text.USBD_GetString
                0x0000000008007abc       0x84 ./Middlewares/ST/STM32_USB_Device_Library/Core/Src/usbd_ctlreq.o
                0x0000000008007abc                USBD_GetString
 .text.USBD_GetLen
                0x0000000008007b40       0x2e ./Middlewares/ST/STM32_USB_Device_Library/Core/Src/usbd_ctlreq.o
 .text.USBD_CtlSendData
                0x0000000008007b6e       0x38 ./Middlewares/ST/STM32_USB_Device_Library/Core/Src/usbd_ioreq.o
                0x0000000008007b6e                USBD_CtlSendData
 .text.USBD_CtlContinueSendData
                0x0000000008007ba6       0x24 ./Middlewares/ST/STM32_USB_Device_Library/Core/Src/usbd_ioreq.o
                0x0000000008007ba6                USBD_CtlContinueSendData
 .text.USBD_CtlPrepareRx
                0x0000000008007bca       0x3c ./Middlewares/ST/STM32_USB_Device_Library/Core/Src/usbd_ioreq.o
                0x0000000008007bca                USBD_CtlPrepareRx
 .text.USBD_CtlContinueRx
                0x0000000008007c06       0x24 ./Middlewares/ST/STM32_USB_Device_Library/Core/Src/usbd_ioreq.o
                0x0000000008007c06                USBD_CtlContinueRx
 .text.USBD_CtlSendStatus
                0x0000000008007c2a       0x26 ./Middlewares/ST/STM32_USB_Device_Library/Core/Src/usbd_ioreq.o
                0x0000000008007c2a                USBD_CtlSendStatus
 .text.USBD_CtlReceiveStatus
                0x0000000008007c50       0x26 ./Middlewares/ST/STM32_USB_Device_Library/Core/Src/usbd_ioreq.o
                0x0000000008007c50                USBD_CtlReceiveStatus
 .text.makeFreeRtosPriority
                0x0000000008007c76       0x2e ./Middlewares/Third_Party/FreeRTOS/Source/CMSIS_RTOS/cmsis_os.o
 .text.osKernelStart
                0x0000000008007ca4        0xe ./Middlewares/Third_Party/FreeRTOS/Source/CMSIS_RTOS/cmsis_os.o
                0x0000000008007ca4                osKernelStart
 .text.osThreadCreate
                0x0000000008007cb2       0x98 ./Middlewares/Third_Party/FreeRTOS/Source/CMSIS_RTOS/cmsis_os.o
                0x0000000008007cb2                osThreadCreate
 .text.osDelay  0x0000000008007d4a       0x28 ./Middlewares/Third_Party/FreeRTOS/Source/CMSIS_RTOS/cmsis_os.o
                0x0000000008007d4a                osDelay
 .text.vListInitialise
                0x0000000008007d72       0x3e ./Middlewares/Third_Party/FreeRTOS/Source/list.o
                0x0000000008007d72                vListInitialise
 .text.vListInitialiseItem
                0x0000000008007db0       0x18 ./Middlewares/Third_Party/FreeRTOS/Source/list.o
                0x0000000008007db0                vListInitialiseItem
 .text.vListInsertEnd
                0x0000000008007dc8       0x46 ./Middlewares/Third_Party/FreeRTOS/Source/list.o
                0x0000000008007dc8                vListInsertEnd
 .text.vListInsert
                0x0000000008007e0e       0x70 ./Middlewares/Third_Party/FreeRTOS/Source/list.o
                0x0000000008007e0e                vListInsert
 .text.uxListRemove
                0x0000000008007e7e       0x52 ./Middlewares/Third_Party/FreeRTOS/Source/list.o
                0x0000000008007e7e                uxListRemove
 .text.xTaskCreateStatic
                0x0000000008007ed0       0xb8 ./Middlewares/Third_Party/FreeRTOS/Source/tasks.o
                0x0000000008007ed0                xTaskCreateStatic
 .text.xTaskCreate
                0x0000000008007f88       0x8a ./Middlewares/Third_Party/FreeRTOS/Source/tasks.o
                0x0000000008007f88                xTaskCreate
 *fill*         0x0000000008008012        0x2 
 .text.prvInitialiseNewTask
                0x0000000008008014      0x12c ./Middlewares/Third_Party/FreeRTOS/Source/tasks.o
 .text.prvAddNewTaskToReadyList
                0x0000000008008140       0xd4 ./Middlewares/Third_Party/FreeRTOS/Source/tasks.o
 .text.vTaskDelay
                0x0000000008008214       0x68 ./Middlewares/Third_Party/FreeRTOS/Source/tasks.o
                0x0000000008008214                vTaskDelay
 .text.vTaskStartScheduler
                0x000000000800827c       0xd4 ./Middlewares/Third_Party/FreeRTOS/Source/tasks.o
                0x000000000800827c                vTaskStartScheduler
 .text.vTaskSuspendAll
                0x0000000008008350       0x1c ./Middlewares/Third_Party/FreeRTOS/Source/tasks.o
                0x0000000008008350                vTaskSuspendAll
 .text.xTaskResumeAll
                0x000000000800836c      0x138 ./Middlewares/Third_Party/FreeRTOS/Source/tasks.o
                0x000000000800836c                xTaskResumeAll
 .text.xTaskIncrementTick
                0x00000000080084a4      0x17c ./Middlewares/Third_Party/FreeRTOS/Source/tasks.o
                0x00000000080084a4                xTaskIncrementTick
 .text.vTaskSwitchContext
                0x0000000008008620       0xc4 ./Middlewares/Third_Party/FreeRTOS/Source/tasks.o
                0x0000000008008620                vTaskSwitchContext
 .text.prvIdleTask
                0x00000000080086e4       0x30 ./Middlewares/Third_Party/FreeRTOS/Source/tasks.o
 .text.prvInitialiseTaskLists
                0x0000000008008714       0x80 ./Middlewares/Third_Party/FreeRTOS/Source/tasks.o
 .text.prvCheckTasksWaitingTermination
                0x0000000008008794       0x5c ./Middlewares/Third_Party/FreeRTOS/Source/tasks.o
 .text.prvDeleteTCB
                0x00000000080087f0       0x68 ./Middlewares/Third_Party/FreeRTOS/Source/tasks.o
 .text.prvResetNextTaskUnblockTime
                0x0000000008008858       0x48 ./Middlewares/Third_Party/FreeRTOS/Source/tasks.o
 .text.prvAddCurrentTaskToDelayedList
                0x00000000080088a0       0xcc ./Middlewares/Third_Party/FreeRTOS/Source/tasks.o
 .text.pxPortInitialiseStack
                0x000000000800896c       0x58 ./Middlewares/Third_Party/FreeRTOS/Source/portable/GCC/ARM_CM3/port.o
                0x000000000800896c                pxPortInitialiseStack
 .text.prvTaskExitError
                0x00000000080089c4       0x58 ./Middlewares/Third_Party/FreeRTOS/Source/portable/GCC/ARM_CM3/port.o
 *fill*         0x0000000008008a1c        0x4 
 .text.SVC_Handler
                0x0000000008008a20       0x28 ./Middlewares/Third_Party/FreeRTOS/Source/portable/GCC/ARM_CM3/port.o
                0x0000000008008a20                SVC_Handler
 .text.prvPortStartFirstTask
                0x0000000008008a48       0x20 ./Middlewares/Third_Party/FreeRTOS/Source/portable/GCC/ARM_CM3/port.o
 .text.xPortStartScheduler
                0x0000000008008a68       0xe4 ./Middlewares/Third_Party/FreeRTOS/Source/portable/GCC/ARM_CM3/port.o
                0x0000000008008a68                xPortStartScheduler
 .text.vPortEnterCritical
                0x0000000008008b4c       0x60 ./Middlewares/Third_Party/FreeRTOS/Source/portable/GCC/ARM_CM3/port.o
                0x0000000008008b4c                vPortEnterCritical
 .text.vPortExitCritical
                0x0000000008008bac       0x50 ./Middlewares/Third_Party/FreeRTOS/Source/portable/GCC/ARM_CM3/port.o
                0x0000000008008bac                vPortExitCritical
 *fill*         0x0000000008008bfc        0x4 
 .text.PendSV_Handler
                0x0000000008008c00       0x48 ./Middlewares/Third_Party/FreeRTOS/Source/portable/GCC/ARM_CM3/port.o
                0x0000000008008c00                PendSV_Handler
 .text.SysTick_Handler
                0x0000000008008c48       0x44 ./Middlewares/Third_Party/FreeRTOS/Source/portable/GCC/ARM_CM3/port.o
                0x0000000008008c48                SysTick_Handler
 .text.vPortSetupTimerInterrupt
                0x0000000008008c8c       0x44 ./Middlewares/Third_Party/FreeRTOS/Source/portable/GCC/ARM_CM3/port.o
                0x0000000008008c8c                vPortSetupTimerInterrupt
 .text.pvPortMalloc
                0x0000000008008cd0      0x188 ./Middlewares/Third_Party/FreeRTOS/Source/portable/MemMang/heap_4.o
                0x0000000008008cd0                pvPortMalloc
 .text.vPortFree
                0x0000000008008e58       0xb4 ./Middlewares/Third_Party/FreeRTOS/Source/portable/MemMang/heap_4.o
                0x0000000008008e58                vPortFree
 .text.prvHeapInit
                0x0000000008008f0c       0xc4 ./Middlewares/Third_Party/FreeRTOS/Source/portable/MemMang/heap_4.o
 .text.prvInsertBlockIntoFreeList
                0x0000000008008fd0       0xb0 ./Middlewares/Third_Party/FreeRTOS/Source/portable/MemMang/heap_4.o
 .text.MX_USB_DEVICE_Init
                0x0000000008009080       0x60 ./USB_DEVICE/App/usb_device.o
                0x0000000008009080                MX_USB_DEVICE_Init
 .text.USBD_FS_DeviceDescriptor
                0x00000000080090e0       0x24 ./USB_DEVICE/App/usbd_desc.o
                0x00000000080090e0                USBD_FS_DeviceDescriptor
 .text.USBD_FS_LangIDStrDescriptor
                0x0000000008009104       0x24 ./USB_DEVICE/App/usbd_desc.o
                0x0000000008009104                USBD_FS_LangIDStrDescriptor
 .text.USBD_FS_ProductStrDescriptor
                0x0000000008009128       0x3c ./USB_DEVICE/App/usbd_desc.o
                0x0000000008009128                USBD_FS_ProductStrDescriptor
 .text.USBD_FS_ManufacturerStrDescriptor
                0x0000000008009164       0x28 ./USB_DEVICE/App/usbd_desc.o
                0x0000000008009164                USBD_FS_ManufacturerStrDescriptor
 .text.USBD_FS_SerialStrDescriptor
                0x000000000800918c       0x24 ./USB_DEVICE/App/usbd_desc.o
                0x000000000800918c                USBD_FS_SerialStrDescriptor
 .text.USBD_FS_ConfigStrDescriptor
                0x00000000080091b0       0x3c ./USB_DEVICE/App/usbd_desc.o
                0x00000000080091b0                USBD_FS_ConfigStrDescriptor
 .text.USBD_FS_InterfaceStrDescriptor
                0x00000000080091ec       0x3c ./USB_DEVICE/App/usbd_desc.o
                0x00000000080091ec                USBD_FS_InterfaceStrDescriptor
 .text.Get_SerialNum
                0x0000000008009228       0x58 ./USB_DEVICE/App/usbd_desc.o
 .text.IntToUnicode
                0x0000000008009280       0x7c ./USB_DEVICE/App/usbd_desc.o
 .text.MEM_If_Init_FS
                0x00000000080092fc        0xe ./USB_DEVICE/App/usbd_dfu_if.o
 .text.MEM_If_DeInit_FS
                0x000000000800930a        0xe ./USB_DEVICE/App/usbd_dfu_if.o
 .text.MEM_If_Erase_FS
                0x0000000008009318       0x14 ./USB_DEVICE/App/usbd_dfu_if.o
 .text.MEM_If_Write_FS
                0x000000000800932c       0x18 ./USB_DEVICE/App/usbd_dfu_if.o
 .text.MEM_If_Read_FS
                0x0000000008009344       0x18 ./USB_DEVICE/App/usbd_dfu_if.o
 .text.MEM_If_GetStatus_FS
                0x000000000800935c       0x20 ./USB_DEVICE/App/usbd_dfu_if.o
 .text.HAL_PCD_MspInit
                0x000000000800937c       0x4c ./USB_DEVICE/Target/usbd_conf.o
                0x000000000800937c                HAL_PCD_MspInit
 .text.HAL_PCD_SetupStageCallback
                0x00000000080093c8       0x24 ./USB_DEVICE/Target/usbd_conf.o
                0x00000000080093c8                HAL_PCD_SetupStageCallback
 .text.HAL_PCD_DataOutStageCallback
                0x00000000080093ec       0x36 ./USB_DEVICE/Target/usbd_conf.o
                0x00000000080093ec                HAL_PCD_DataOutStageCallback
 .text.HAL_PCD_DataInStageCallback
                0x0000000008009422       0x34 ./USB_DEVICE/Target/usbd_conf.o
                0x0000000008009422                HAL_PCD_DataInStageCallback
 .text.HAL_PCD_SOFCallback
                0x0000000008009456       0x1c ./USB_DEVICE/Target/usbd_conf.o
                0x0000000008009456                HAL_PCD_SOFCallback
 .text.HAL_PCD_ResetCallback
                0x0000000008009472       0x3c ./USB_DEVICE/Target/usbd_conf.o
                0x0000000008009472                HAL_PCD_ResetCallback
 *fill*         0x00000000080094ae        0x2 
 .text.HAL_PCD_SuspendCallback
                0x00000000080094b0       0x34 ./USB_DEVICE/Target/usbd_conf.o
                0x00000000080094b0                HAL_PCD_SuspendCallback
 .text.HAL_PCD_ResumeCallback
                0x00000000080094e4       0x1c ./USB_DEVICE/Target/usbd_conf.o
                0x00000000080094e4                HAL_PCD_ResumeCallback
 .text.USBD_LL_Init
                0x0000000008009500       0x80 ./USB_DEVICE/Target/usbd_conf.o
                0x0000000008009500                USBD_LL_Init
 .text.USBD_LL_Start
                0x0000000008009580       0x36 ./USB_DEVICE/Target/usbd_conf.o
                0x0000000008009580                USBD_LL_Start
 .text.USBD_LL_Stop
                0x00000000080095b6       0x36 ./USB_DEVICE/Target/usbd_conf.o
                0x00000000080095b6                USBD_LL_Stop
 .text.USBD_LL_OpenEP
                0x00000000080095ec       0x4c ./USB_DEVICE/Target/usbd_conf.o
                0x00000000080095ec                USBD_LL_OpenEP
 .text.USBD_LL_StallEP
                0x0000000008009638       0x3e ./USB_DEVICE/Target/usbd_conf.o
                0x0000000008009638                USBD_LL_StallEP
 .text.USBD_LL_ClearStallEP
                0x0000000008009676       0x3e ./USB_DEVICE/Target/usbd_conf.o
                0x0000000008009676                USBD_LL_ClearStallEP
 .text.USBD_LL_IsStallEP
                0x00000000080096b4       0x58 ./USB_DEVICE/Target/usbd_conf.o
                0x00000000080096b4                USBD_LL_IsStallEP
 .text.USBD_LL_SetUSBAddress
                0x000000000800970c       0x3e ./USB_DEVICE/Target/usbd_conf.o
                0x000000000800970c                USBD_LL_SetUSBAddress
 .text.USBD_LL_Transmit
                0x000000000800974a       0x46 ./USB_DEVICE/Target/usbd_conf.o
                0x000000000800974a                USBD_LL_Transmit
 .text.USBD_LL_PrepareReceive
                0x0000000008009790       0x46 ./USB_DEVICE/Target/usbd_conf.o
                0x0000000008009790                USBD_LL_PrepareReceive
 *fill*         0x00000000080097d6        0x2 
 .text.USBD_static_malloc
                0x00000000080097d8       0x18 ./USB_DEVICE/Target/usbd_conf.o
                0x00000000080097d8                USBD_static_malloc
 .text.USBD_static_free
                0x00000000080097f0       0x12 ./USB_DEVICE/Target/usbd_conf.o
                0x00000000080097f0                USBD_static_free
 .text.HAL_PCDEx_SetConnectionState
                0x0000000008009802       0x16 ./USB_DEVICE/Target/usbd_conf.o
                0x0000000008009802                HAL_PCDEx_SetConnectionState
 .text.USBD_Get_USB_Status
                0x0000000008009818       0x58 ./USB_DEVICE/Target/usbd_conf.o
 .text.memset   0x0000000008009870       0x10 C:/ST/STM32CubeIDE_1.14.0/STM32CubeIDE/plugins/com.st.stm32cube.ide.mcu.externaltools.gnu-tools-for-stm32.11.3.rel1.win32_1.1.100.202309141235/tools/bin/../lib/gcc/arm-none-eabi/11.3.1/../../../../arm-none-eabi/lib/thumb/v7-m/nofp\libc_nano.a(libc_a-memset.o)
                0x0000000008009870                memset
 .text._reclaim_reent
                0x0000000008009880       0xac C:/ST/STM32CubeIDE_1.14.0/STM32CubeIDE/plugins/com.st.stm32cube.ide.mcu.externaltools.gnu-tools-for-stm32.11.3.rel1.win32_1.1.100.202309141235/tools/bin/../lib/gcc/arm-none-eabi/11.3.1/../../../../arm-none-eabi/lib/thumb/v7-m/nofp\libc_nano.a(libc_a-reent.o)
                0x0000000008009880                _reclaim_reent
 .text.__libc_init_array
                0x000000000800992c       0x48 C:/ST/STM32CubeIDE_1.14.0/STM32CubeIDE/plugins/com.st.stm32cube.ide.mcu.externaltools.gnu-tools-for-stm32.11.3.rel1.win32_1.1.100.202309141235/tools/bin/../lib/gcc/arm-none-eabi/11.3.1/../../../../arm-none-eabi/lib/thumb/v7-m/nofp\libc_nano.a(libc_a-init.o)
                0x000000000800992c                __libc_init_array
 .text.__retarget_lock_acquire_recursive
                0x0000000008009974        0x2 C:/ST/STM32CubeIDE_1.14.0/STM32CubeIDE/plugins/com.st.stm32cube.ide.mcu.externaltools.gnu-tools-for-stm32.11.3.rel1.win32_1.1.100.202309141235/tools/bin/../lib/gcc/arm-none-eabi/11.3.1/../../../../arm-none-eabi/lib/thumb/v7-m/nofp\libc_nano.a(libc_a-lock.o)
                0x0000000008009974                __retarget_lock_acquire_recursive
 .text.__retarget_lock_release_recursive
                0x0000000008009976        0x2 C:/ST/STM32CubeIDE_1.14.0/STM32CubeIDE/plugins/com.st.stm32cube.ide.mcu.externaltools.gnu-tools-for-stm32.11.3.rel1.win32_1.1.100.202309141235/tools/bin/../lib/gcc/arm-none-eabi/11.3.1/../../../../arm-none-eabi/lib/thumb/v7-m/nofp\libc_nano.a(libc_a-lock.o)
                0x0000000008009976                __retarget_lock_release_recursive
 .text._free_r  0x0000000008009978       0x90 C:/ST/STM32CubeIDE_1.14.0/STM32CubeIDE/plugins/com.st.stm32cube.ide.mcu.externaltools.gnu-tools-for-stm32.11.3.rel1.win32_1.1.100.202309141235/tools/bin/../lib/gcc/arm-none-eabi/11.3.1/../../../../arm-none-eabi/lib/thumb/v7-m/nofp\libc_nano.a(libc_a-freer.o)
                0x0000000008009978                _free_r
 .text.__malloc_lock
                0x0000000008009a08        0xc C:/ST/STM32CubeIDE_1.14.0/STM32CubeIDE/plugins/com.st.stm32cube.ide.mcu.externaltools.gnu-tools-for-stm32.11.3.rel1.win32_1.1.100.202309141235/tools/bin/../lib/gcc/arm-none-eabi/11.3.1/../../../../arm-none-eabi/lib/thumb/v7-m/nofp\libc_nano.a(libc_a-mlock.o)
                0x0000000008009a08                __malloc_lock
 .text.__malloc_unlock
                0x0000000008009a14        0xc C:/ST/STM32CubeIDE_1.14.0/STM32CubeIDE/plugins/com.st.stm32cube.ide.mcu.externaltools.gnu-tools-for-stm32.11.3.rel1.win32_1.1.100.202309141235/tools/bin/../lib/gcc/arm-none-eabi/11.3.1/../../../../arm-none-eabi/lib/thumb/v7-m/nofp\libc_nano.a(libc_a-mlock.o)
                0x0000000008009a14                __malloc_unlock
 *(.glue_7)
 .glue_7        0x0000000008009a20        0x0 linker stubs
 *(.glue_7t)
 .glue_7t       0x0000000008009a20        0x0 linker stubs
 *(.eh_frame)
 .eh_frame      0x0000000008009a20        0x0 C:/ST/STM32CubeIDE_1.14.0/STM32CubeIDE/plugins/com.st.stm32cube.ide.mcu.externaltools.gnu-tools-for-stm32.11.3.rel1.win32_1.1.100.202309141235/tools/bin/../lib/gcc/arm-none-eabi/11.3.1/thumb/v7-m/nofp/crtbegin.o
 *(.init)
 .init          0x0000000008009a20        0x4 C:/ST/STM32CubeIDE_1.14.0/STM32CubeIDE/plugins/com.st.stm32cube.ide.mcu.externaltools.gnu-tools-for-stm32.11.3.rel1.win32_1.1.100.202309141235/tools/bin/../lib/gcc/arm-none-eabi/11.3.1/thumb/v7-m/nofp/crti.o
                0x0000000008009a20                _init
 .init          0x0000000008009a24        0x8 C:/ST/STM32CubeIDE_1.14.0/STM32CubeIDE/plugins/com.st.stm32cube.ide.mcu.externaltools.gnu-tools-for-stm32.11.3.rel1.win32_1.1.100.202309141235/tools/bin/../lib/gcc/arm-none-eabi/11.3.1/thumb/v7-m/nofp/crtn.o
 *(.fini)
 .fini          0x0000000008009a2c        0x4 C:/ST/STM32CubeIDE_1.14.0/STM32CubeIDE/plugins/com.st.stm32cube.ide.mcu.externaltools.gnu-tools-for-stm32.11.3.rel1.win32_1.1.100.202309141235/tools/bin/../lib/gcc/arm-none-eabi/11.3.1/thumb/v7-m/nofp/crti.o
                0x0000000008009a2c                _fini
 .fini          0x0000000008009a30        0x8 C:/ST/STM32CubeIDE_1.14.0/STM32CubeIDE/plugins/com.st.stm32cube.ide.mcu.externaltools.gnu-tools-for-stm32.11.3.rel1.win32_1.1.100.202309141235/tools/bin/../lib/gcc/arm-none-eabi/11.3.1/thumb/v7-m/nofp/crtn.o
                0x0000000008009a38                . = ALIGN (0x4)
                0x0000000008009a38                _etext = .

.vfp11_veneer   0x0000000008009a38        0x0
 .vfp11_veneer  0x0000000008009a38        0x0 linker stubs

.v4_bx          0x0000000008009a38        0x0
 .v4_bx         0x0000000008009a38        0x0 linker stubs

.iplt           0x0000000008009a38        0x0
 .iplt          0x0000000008009a38        0x0 C:/ST/STM32CubeIDE_1.14.0/STM32CubeIDE/plugins/com.st.stm32cube.ide.mcu.externaltools.gnu-tools-for-stm32.11.3.rel1.win32_1.1.100.202309141235/tools/bin/../lib/gcc/arm-none-eabi/11.3.1/thumb/v7-m/nofp/crtbegin.o

.rodata         0x0000000008009a38      0x160
                0x0000000008009a38                . = ALIGN (0x4)
 *(.rodata)
 .rodata        0x0000000008009a38       0x7c ./Core/Src/main.o
 .rodata        0x0000000008009ab4        0x5 ./Middlewares/Third_Party/FreeRTOS/Source/tasks.o
 *fill*         0x0000000008009ab9        0x3 
 .rodata        0x0000000008009abc       0x4e ./USB_DEVICE/App/usbd_desc.o
 *fill*         0x0000000008009b0a        0x2 
 .rodata        0x0000000008009b0c       0x5d ./USB_DEVICE/App/usbd_dfu_if.o
 *(.rodata*)
 *fill*         0x0000000008009b69        0x3 
 .rodata.AHBPrescTable
                0x0000000008009b6c       0x10 ./Core/Src/system_stm32f1xx.o
                0x0000000008009b6c                AHBPrescTable
 .rodata.APBPrescTable
                0x0000000008009b7c        0x8 ./Core/Src/system_stm32f1xx.o
                0x0000000008009b7c                APBPrescTable
 .rodata.aPLLMULFactorTable.1
                0x0000000008009b84       0x10 ./Drivers/STM32F1xx_HAL_Driver/Src/stm32f1xx_hal_rcc.o
 .rodata.aPredivFactorTable.0
                0x0000000008009b94        0x2 ./Drivers/STM32F1xx_HAL_Driver/Src/stm32f1xx_hal_rcc.o
                0x0000000008009b98                . = ALIGN (0x4)
 *fill*         0x0000000008009b96        0x2 

.rel.dyn        0x0000000008009b98        0x0
 .rel.iplt      0x0000000008009b98        0x0 C:/ST/STM32CubeIDE_1.14.0/STM32CubeIDE/plugins/com.st.stm32cube.ide.mcu.externaltools.gnu-tools-for-stm32.11.3.rel1.win32_1.1.100.202309141235/tools/bin/../lib/gcc/arm-none-eabi/11.3.1/thumb/v7-m/nofp/crtbegin.o

.ARM.extab      0x0000000008009b98        0x0
                0x0000000008009b98                . = ALIGN (0x4)
 *(.ARM.extab* .gnu.linkonce.armextab.*)
                0x0000000008009b98                . = ALIGN (0x4)

.ARM            0x0000000008009b98        0x0
                0x0000000008009b98                . = ALIGN (0x4)
                0x0000000008009b98                __exidx_start = .
 *(.ARM.exidx*)
                0x0000000008009b98                __exidx_end = .
                0x0000000008009b98                . = ALIGN (0x4)

.preinit_array  0x0000000008009b98        0x0
                0x0000000008009b98                . = ALIGN (0x4)
                0x0000000008009b98                PROVIDE (__preinit_array_start = .)
 *(.preinit_array*)
                0x0000000008009b98                PROVIDE (__preinit_array_end = .)
                0x0000000008009b98                . = ALIGN (0x4)

.init_array     0x0000000008009b98        0x4
                0x0000000008009b98                . = ALIGN (0x4)
                0x0000000008009b98                PROVIDE (__init_array_start = .)
 *(SORT_BY_NAME(.init_array.*))
 *(.init_array*)
 .init_array    0x0000000008009b98        0x4 C:/ST/STM32CubeIDE_1.14.0/STM32CubeIDE/plugins/com.st.stm32cube.ide.mcu.externaltools.gnu-tools-for-stm32.11.3.rel1.win32_1.1.100.202309141235/tools/bin/../lib/gcc/arm-none-eabi/11.3.1/thumb/v7-m/nofp/crtbegin.o
                0x0000000008009b9c                PROVIDE (__init_array_end = .)
                0x0000000008009b9c                . = ALIGN (0x4)

.fini_array     0x0000000008009b9c        0x4
                0x0000000008009b9c                . = ALIGN (0x4)
                [!provide]                        PROVIDE (__fini_array_start = .)
 *(SORT_BY_NAME(.fini_array.*))
 *(.fini_array*)
 .fini_array    0x0000000008009b9c        0x4 C:/ST/STM32CubeIDE_1.14.0/STM32CubeIDE/plugins/com.st.stm32cube.ide.mcu.externaltools.gnu-tools-for-stm32.11.3.rel1.win32_1.1.100.202309141235/tools/bin/../lib/gcc/arm-none-eabi/11.3.1/thumb/v7-m/nofp/crtbegin.o
                [!provide]                        PROVIDE (__fini_array_end = .)
                0x0000000008009ba0                . = ALIGN (0x4)
                0x0000000008009ba0                _sidata = LOADADDR (.data)

.data           0x0000000020000000      0x130 load address 0x0000000008009ba0
                0x0000000020000000                . = ALIGN (0x4)
                0x0000000020000000                _sdata = .
 *(.data)
 *(.data*)
 .data.SystemCoreClock
                0x0000000020000000        0x4 ./Core/Src/system_stm32f1xx.o
                0x0000000020000000                SystemCoreClock
 .data.uwTickPrio
                0x0000000020000004        0x4 ./Drivers/STM32F1xx_HAL_Driver/Src/stm32f1xx_hal.o
                0x0000000020000004                uwTickPrio
 .data.uwTickFreq
                0x0000000020000008        0x1 ./Drivers/STM32F1xx_HAL_Driver/Src/stm32f1xx_hal.o
                0x0000000020000008                uwTickFreq
 *fill*         0x0000000020000009        0x3 
 .data.USBD_DFU
                0x000000002000000c       0x3c ./Middlewares/ST/STM32_USB_Device_Library/Class/DFU/Src/usbd_dfu.o
                0x000000002000000c                USBD_DFU
 .data.USBD_DFU_CfgDesc
                0x0000000020000048       0x1b ./Middlewares/ST/STM32_USB_Device_Library/Class/DFU/Src/usbd_dfu.o
 *fill*         0x0000000020000063        0x1 
 .data.USBD_DFU_DeviceQualifierDesc
                0x0000000020000064        0xa ./Middlewares/ST/STM32_USB_Device_Library/Class/DFU/Src/usbd_dfu.o
 *fill*         0x000000002000006e        0x2 
 .data.uxCriticalNesting
                0x0000000020000070        0x4 ./Middlewares/Third_Party/FreeRTOS/Source/portable/GCC/ARM_CM3/port.o
 .data.FS_Desc  0x0000000020000074       0x1c ./USB_DEVICE/App/usbd_desc.o
                0x0000000020000074                FS_Desc
 .data.USBD_FS_DeviceDesc
                0x0000000020000090       0x12 ./USB_DEVICE/App/usbd_desc.o
                0x0000000020000090                USBD_FS_DeviceDesc
 *fill*         0x00000000200000a2        0x2 
 .data.USBD_LangIDDesc
                0x00000000200000a4        0x4 ./USB_DEVICE/App/usbd_desc.o
                0x00000000200000a4                USBD_LangIDDesc
 .data.USBD_StringSerial
                0x00000000200000a8       0x1a ./USB_DEVICE/App/usbd_desc.o
                0x00000000200000a8                USBD_StringSerial
 *fill*         0x00000000200000c2        0x2 
 .data.USBD_DFU_fops_FS
                0x00000000200000c4       0x1c ./USB_DEVICE/App/usbd_dfu_if.o
                0x00000000200000c4                USBD_DFU_fops_FS
 .data._impure_data
                0x00000000200000e0       0x4c C:/ST/STM32CubeIDE_1.14.0/STM32CubeIDE/plugins/com.st.stm32cube.ide.mcu.externaltools.gnu-tools-for-stm32.11.3.rel1.win32_1.1.100.202309141235/tools/bin/../lib/gcc/arm-none-eabi/11.3.1/../../../../arm-none-eabi/lib/thumb/v7-m/nofp\libc_nano.a(libc_a-impure.o)
                0x00000000200000e0                _impure_data
 .data._impure_ptr
                0x000000002000012c        0x4 C:/ST/STM32CubeIDE_1.14.0/STM32CubeIDE/plugins/com.st.stm32cube.ide.mcu.externaltools.gnu-tools-for-stm32.11.3.rel1.win32_1.1.100.202309141235/tools/bin/../lib/gcc/arm-none-eabi/11.3.1/../../../../arm-none-eabi/lib/thumb/v7-m/nofp\libc_nano.a(libc_a-impure.o)
                0x000000002000012c                _impure_ptr
 *(.RamFunc)
 *(.RamFunc*)
                0x0000000020000130                . = ALIGN (0x4)
                0x0000000020000130                _edata = .

.igot.plt       0x0000000020000130        0x0 load address 0x0000000008009cd0
 .igot.plt      0x0000000020000130        0x0 C:/ST/STM32CubeIDE_1.14.0/STM32CubeIDE/plugins/com.st.stm32cube.ide.mcu.externaltools.gnu-tools-for-stm32.11.3.rel1.win32_1.1.100.202309141235/tools/bin/../lib/gcc/arm-none-eabi/11.3.1/thumb/v7-m/nofp/crtbegin.o
                0x0000000020000130                . = ALIGN (0x4)

.bss            0x0000000020000130     0x1f10 load address 0x0000000008009cd0
                0x0000000020000130                _sbss = .
                0x0000000020000130                __bss_start__ = _sbss
 *(.bss)
 .bss           0x0000000020000130       0x1c C:/ST/STM32CubeIDE_1.14.0/STM32CubeIDE/plugins/com.st.stm32cube.ide.mcu.externaltools.gnu-tools-for-stm32.11.3.rel1.win32_1.1.100.202309141235/tools/bin/../lib/gcc/arm-none-eabi/11.3.1/thumb/v7-m/nofp/crtbegin.o
 *(.bss*)
 .bss.xIdleTaskTCBBuffer
                0x000000002000014c       0xa0 ./Core/Src/freertos.o
 .bss.xIdleStack
                0x00000000200001ec      0x200 ./Core/Src/freertos.o
 .bss.hi2c1     0x00000000200003ec       0x54 ./Core/Src/main.o
                0x00000000200003ec                hi2c1
 .bss.huart1    0x0000000020000440       0x48 ./Core/Src/main.o
                0x0000000020000440                huart1
 .bss.ReadMPU6050Handle
                0x0000000020000488        0x4 ./Core/Src/main.o
                0x0000000020000488                ReadMPU6050Handle
 .bss.CalculatePIDHandle
                0x000000002000048c        0x4 ./Core/Src/main.o
                0x000000002000048c                CalculatePIDHandle
 .bss.ControllESCHandle
                0x0000000020000490        0x4 ./Core/Src/main.o
                0x0000000020000490                ControllESCHandle
 .bss.htim3     0x0000000020000494       0x48 ./Core/Src/stm32f1xx_hal_timebase_tim.o
                0x0000000020000494                htim3
 .bss.uwTick    0x00000000200004dc        0x4 ./Drivers/STM32F1xx_HAL_Driver/Src/stm32f1xx_hal.o
                0x00000000200004dc                uwTick
 .bss.USBD_StrDesc.0
                0x00000000200004e0       0xff ./Middlewares/ST/STM32_USB_Device_Library/Class/DFU/Src/usbd_dfu.o
 .bss.cfgidx.0  0x00000000200005df        0x1 ./Middlewares/ST/STM32_USB_Device_Library/Core/Src/usbd_ctlreq.o
 .bss.pxCurrentTCB
                0x00000000200005e0        0x4 ./Middlewares/Third_Party/FreeRTOS/Source/tasks.o
                0x00000000200005e0                pxCurrentTCB
 .bss.pxReadyTasksLists
                0x00000000200005e4       0x8c ./Middlewares/Third_Party/FreeRTOS/Source/tasks.o
 .bss.xDelayedTaskList1
                0x0000000020000670       0x14 ./Middlewares/Third_Party/FreeRTOS/Source/tasks.o
 .bss.xDelayedTaskList2
                0x0000000020000684       0x14 ./Middlewares/Third_Party/FreeRTOS/Source/tasks.o
 .bss.pxDelayedTaskList
                0x0000000020000698        0x4 ./Middlewares/Third_Party/FreeRTOS/Source/tasks.o
 .bss.pxOverflowDelayedTaskList
                0x000000002000069c        0x4 ./Middlewares/Third_Party/FreeRTOS/Source/tasks.o
 .bss.xPendingReadyList
                0x00000000200006a0       0x14 ./Middlewares/Third_Party/FreeRTOS/Source/tasks.o
 .bss.xTasksWaitingTermination
                0x00000000200006b4       0x14 ./Middlewares/Third_Party/FreeRTOS/Source/tasks.o
 .bss.uxDeletedTasksWaitingCleanUp
                0x00000000200006c8        0x4 ./Middlewares/Third_Party/FreeRTOS/Source/tasks.o
 .bss.xSuspendedTaskList
                0x00000000200006cc       0x14 ./Middlewares/Third_Party/FreeRTOS/Source/tasks.o
 .bss.uxCurrentNumberOfTasks
                0x00000000200006e0        0x4 ./Middlewares/Third_Party/FreeRTOS/Source/tasks.o
 .bss.xTickCount
                0x00000000200006e4        0x4 ./Middlewares/Third_Party/FreeRTOS/Source/tasks.o
 .bss.uxTopReadyPriority
                0x00000000200006e8        0x4 ./Middlewares/Third_Party/FreeRTOS/Source/tasks.o
 .bss.xSchedulerRunning
                0x00000000200006ec        0x4 ./Middlewares/Third_Party/FreeRTOS/Source/tasks.o
 .bss.uxPendedTicks
                0x00000000200006f0        0x4 ./Middlewares/Third_Party/FreeRTOS/Source/tasks.o
 .bss.xYieldPending
                0x00000000200006f4        0x4 ./Middlewares/Third_Party/FreeRTOS/Source/tasks.o
 .bss.xNumOfOverflows
                0x00000000200006f8        0x4 ./Middlewares/Third_Party/FreeRTOS/Source/tasks.o
 .bss.uxTaskNumber
                0x00000000200006fc        0x4 ./Middlewares/Third_Party/FreeRTOS/Source/tasks.o
 .bss.xNextTaskUnblockTime
                0x0000000020000700        0x4 ./Middlewares/Third_Party/FreeRTOS/Source/tasks.o
 .bss.xIdleTaskHandle
                0x0000000020000704        0x4 ./Middlewares/Third_Party/FreeRTOS/Source/tasks.o
 .bss.uxSchedulerSuspended
                0x0000000020000708        0x4 ./Middlewares/Third_Party/FreeRTOS/Source/tasks.o
 .bss.ucMaxSysCallPriority
                0x000000002000070c        0x1 ./Middlewares/Third_Party/FreeRTOS/Source/portable/GCC/ARM_CM3/port.o
 *fill*         0x000000002000070d        0x3 
 .bss.ulMaxPRIGROUPValue
                0x0000000020000710        0x4 ./Middlewares/Third_Party/FreeRTOS/Source/portable/GCC/ARM_CM3/port.o
 .bss.ucHeap    0x0000000020000714      0xc00 ./Middlewares/Third_Party/FreeRTOS/Source/portable/MemMang/heap_4.o
 .bss.xStart    0x0000000020001314        0x8 ./Middlewares/Third_Party/FreeRTOS/Source/portable/MemMang/heap_4.o
 .bss.pxEnd     0x000000002000131c        0x4 ./Middlewares/Third_Party/FreeRTOS/Source/portable/MemMang/heap_4.o
 .bss.xFreeBytesRemaining
                0x0000000020001320        0x4 ./Middlewares/Third_Party/FreeRTOS/Source/portable/MemMang/heap_4.o
 .bss.xMinimumEverFreeBytesRemaining
                0x0000000020001324        0x4 ./Middlewares/Third_Party/FreeRTOS/Source/portable/MemMang/heap_4.o
 .bss.xBlockAllocatedBit
                0x0000000020001328        0x4 ./Middlewares/Third_Party/FreeRTOS/Source/portable/MemMang/heap_4.o
 .bss.hUsbDeviceFS
                0x000000002000132c      0x2c4 ./USB_DEVICE/App/usb_device.o
                0x000000002000132c                hUsbDeviceFS
 .bss.USBD_StrDesc
                0x00000000200015f0      0x200 ./USB_DEVICE/App/usbd_desc.o
                0x00000000200015f0                USBD_StrDesc
 .bss.hpcd_USB_FS
                0x00000000200017f0      0x2f0 ./USB_DEVICE/Target/usbd_conf.o
                0x00000000200017f0                hpcd_USB_FS
 .bss.mem.0     0x0000000020001ae0      0x420 ./USB_DEVICE/Target/usbd_conf.o
 .bss.__sf      0x0000000020001f00      0x138 C:/ST/STM32CubeIDE_1.14.0/STM32CubeIDE/plugins/com.st.stm32cube.ide.mcu.externaltools.gnu-tools-for-stm32.11.3.rel1.win32_1.1.100.202309141235/tools/bin/../lib/gcc/arm-none-eabi/11.3.1/../../../../arm-none-eabi/lib/thumb/v7-m/nofp\libc_nano.a(libc_a-findfp.o)
                0x0000000020001f00                __sf
 .bss.__lock___malloc_recursive_mutex
                0x0000000020002038        0x1 C:/ST/STM32CubeIDE_1.14.0/STM32CubeIDE/plugins/com.st.stm32cube.ide.mcu.externaltools.gnu-tools-for-stm32.11.3.rel1.win32_1.1.100.202309141235/tools/bin/../lib/gcc/arm-none-eabi/11.3.1/../../../../arm-none-eabi/lib/thumb/v7-m/nofp\libc_nano.a(libc_a-lock.o)
                0x0000000020002038                __lock___malloc_recursive_mutex
 *fill*         0x0000000020002039        0x3 
 .bss.__malloc_free_list
                0x000000002000203c        0x4 C:/ST/STM32CubeIDE_1.14.0/STM32CubeIDE/plugins/com.st.stm32cube.ide.mcu.externaltools.gnu-tools-for-stm32.11.3.rel1.win32_1.1.100.202309141235/tools/bin/../lib/gcc/arm-none-eabi/11.3.1/../../../../arm-none-eabi/lib/thumb/v7-m/nofp\libc_nano.a(libc_a-mallocr.o)
                0x000000002000203c                __malloc_free_list
 *(COMMON)
                0x0000000020002040                . = ALIGN (0x4)
                0x0000000020002040                _ebss = .
                0x0000000020002040                __bss_end__ = _ebss

._user_heap_stack
                0x0000000020002040      0x600 load address 0x0000000008009cd0
                0x0000000020002040                . = ALIGN (0x8)
                [!provide]                        PROVIDE (end = .)
                0x0000000020002040                PROVIDE (_end = .)
                0x0000000020002240                . = (. + _Min_Heap_Size)
 *fill*         0x0000000020002040      0x200 
                0x0000000020002640                . = (. + _Min_Stack_Size)
 *fill*         0x0000000020002240      0x400 
                0x0000000020002640                . = ALIGN (0x8)

/DISCARD/
 libc.a(*)
 libm.a(*)
 libgcc.a(*)

.ARM.attributes
                0x0000000000000000       0x29
 *(.ARM.attributes)
 .ARM.attributes
                0x0000000000000000       0x1d C:/ST/STM32CubeIDE_1.14.0/STM32CubeIDE/plugins/com.st.stm32cube.ide.mcu.externaltools.gnu-tools-for-stm32.11.3.rel1.win32_1.1.100.202309141235/tools/bin/../lib/gcc/arm-none-eabi/11.3.1/thumb/v7-m/nofp/crti.o
 .ARM.attributes
                0x000000000000001d       0x2d C:/ST/STM32CubeIDE_1.14.0/STM32CubeIDE/plugins/com.st.stm32cube.ide.mcu.externaltools.gnu-tools-for-stm32.11.3.rel1.win32_1.1.100.202309141235/tools/bin/../lib/gcc/arm-none-eabi/11.3.1/thumb/v7-m/nofp/crtbegin.o
 .ARM.attributes
                0x000000000000004a       0x2d ./Core/Src/freertos.o
 .ARM.attributes
                0x0000000000000077       0x2d ./Core/Src/main.o
 .ARM.attributes
                0x00000000000000a4       0x2d ./Core/Src/stm32f1xx_hal_msp.o
 .ARM.attributes
                0x00000000000000d1       0x2d ./Core/Src/stm32f1xx_hal_timebase_tim.o
 .ARM.attributes
                0x00000000000000fe       0x2d ./Core/Src/stm32f1xx_it.o
 .ARM.attributes
                0x000000000000012b       0x2d ./Core/Src/system_stm32f1xx.o
 .ARM.attributes
                0x0000000000000158       0x21 ./Core/Startup/startup_stm32f103c8tx.o
 .ARM.attributes
                0x0000000000000179       0x2d ./Drivers/STM32F1xx_HAL_Driver/Src/stm32f1xx_hal.o
 .ARM.attributes
                0x00000000000001a6       0x2d ./Drivers/STM32F1xx_HAL_Driver/Src/stm32f1xx_hal_cortex.o
 .ARM.attributes
                0x00000000000001d3       0x2d ./Drivers/STM32F1xx_HAL_Driver/Src/stm32f1xx_hal_gpio.o
 .ARM.attributes
                0x0000000000000200       0x2d ./Drivers/STM32F1xx_HAL_Driver/Src/stm32f1xx_hal_i2c.o
 .ARM.attributes
                0x000000000000022d       0x2d ./Drivers/STM32F1xx_HAL_Driver/Src/stm32f1xx_hal_pcd.o
 .ARM.attributes
                0x000000000000025a       0x2d ./Drivers/STM32F1xx_HAL_Driver/Src/stm32f1xx_hal_pcd_ex.o
 .ARM.attributes
                0x0000000000000287       0x2d ./Drivers/STM32F1xx_HAL_Driver/Src/stm32f1xx_hal_rcc.o
 .ARM.attributes
                0x00000000000002b4       0x2d ./Drivers/STM32F1xx_HAL_Driver/Src/stm32f1xx_hal_rcc_ex.o
 .ARM.attributes
                0x00000000000002e1       0x2d ./Drivers/STM32F1xx_HAL_Driver/Src/stm32f1xx_hal_tim.o
 .ARM.attributes
                0x000000000000030e       0x2d ./Drivers/STM32F1xx_HAL_Driver/Src/stm32f1xx_hal_tim_ex.o
 .ARM.attributes
                0x000000000000033b       0x2d ./Drivers/STM32F1xx_HAL_Driver/Src/stm32f1xx_hal_uart.o
 .ARM.attributes
                0x0000000000000368       0x2d ./Drivers/STM32F1xx_HAL_Driver/Src/stm32f1xx_ll_usb.o
 .ARM.attributes
                0x0000000000000395       0x2d ./Middlewares/ST/STM32_USB_Device_Library/Class/DFU/Src/usbd_dfu.o
 .ARM.attributes
                0x00000000000003c2       0x2d ./Middlewares/ST/STM32_USB_Device_Library/Core/Src/usbd_core.o
 .ARM.attributes
                0x00000000000003ef       0x2d ./Middlewares/ST/STM32_USB_Device_Library/Core/Src/usbd_ctlreq.o
 .ARM.attributes
                0x000000000000041c       0x2d ./Middlewares/ST/STM32_USB_Device_Library/Core/Src/usbd_ioreq.o
 .ARM.attributes
                0x0000000000000449       0x2d ./Middlewares/Third_Party/FreeRTOS/Source/CMSIS_RTOS/cmsis_os.o
 .ARM.attributes
                0x0000000000000476       0x2d ./Middlewares/Third_Party/FreeRTOS/Source/list.o
 .ARM.attributes
                0x00000000000004a3       0x2d ./Middlewares/Third_Party/FreeRTOS/Source/tasks.o
 .ARM.attributes
                0x00000000000004d0       0x2d ./Middlewares/Third_Party/FreeRTOS/Source/portable/GCC/ARM_CM3/port.o
 .ARM.attributes
                0x00000000000004fd       0x2d ./Middlewares/Third_Party/FreeRTOS/Source/portable/MemMang/heap_4.o
 .ARM.attributes
                0x000000000000052a       0x2d ./USB_DEVICE/App/usb_device.o
 .ARM.attributes
                0x0000000000000557       0x2d ./USB_DEVICE/App/usbd_desc.o
 .ARM.attributes
                0x0000000000000584       0x2d ./USB_DEVICE/App/usbd_dfu_if.o
 .ARM.attributes
                0x00000000000005b1       0x2d ./USB_DEVICE/Target/usbd_conf.o
 .ARM.attributes
                0x00000000000005de       0x2d C:/ST/STM32CubeIDE_1.14.0/STM32CubeIDE/plugins/com.st.stm32cube.ide.mcu.externaltools.gnu-tools-for-stm32.11.3.rel1.win32_1.1.100.202309141235/tools/bin/../lib/gcc/arm-none-eabi/11.3.1/../../../../arm-none-eabi/lib/thumb/v7-m/nofp\libc_nano.a(libc_a-findfp.o)
 .ARM.attributes
                0x000000000000060b       0x2d C:/ST/STM32CubeIDE_1.14.0/STM32CubeIDE/plugins/com.st.stm32cube.ide.mcu.externaltools.gnu-tools-for-stm32.11.3.rel1.win32_1.1.100.202309141235/tools/bin/../lib/gcc/arm-none-eabi/11.3.1/../../../../arm-none-eabi/lib/thumb/v7-m/nofp\libc_nano.a(libc_a-memset.o)
 .ARM.attributes
                0x0000000000000638       0x2d C:/ST/STM32CubeIDE_1.14.0/STM32CubeIDE/plugins/com.st.stm32cube.ide.mcu.externaltools.gnu-tools-for-stm32.11.3.rel1.win32_1.1.100.202309141235/tools/bin/../lib/gcc/arm-none-eabi/11.3.1/../../../../arm-none-eabi/lib/thumb/v7-m/nofp\libc_nano.a(libc_a-reent.o)
 .ARM.attributes
                0x0000000000000665       0x2d C:/ST/STM32CubeIDE_1.14.0/STM32CubeIDE/plugins/com.st.stm32cube.ide.mcu.externaltools.gnu-tools-for-stm32.11.3.rel1.win32_1.1.100.202309141235/tools/bin/../lib/gcc/arm-none-eabi/11.3.1/../../../../arm-none-eabi/lib/thumb/v7-m/nofp\libc_nano.a(libc_a-impure.o)
 .ARM.attributes
                0x0000000000000692       0x2d C:/ST/STM32CubeIDE_1.14.0/STM32CubeIDE/plugins/com.st.stm32cube.ide.mcu.externaltools.gnu-tools-for-stm32.11.3.rel1.win32_1.1.100.202309141235/tools/bin/../lib/gcc/arm-none-eabi/11.3.1/../../../../arm-none-eabi/lib/thumb/v7-m/nofp\libc_nano.a(libc_a-init.o)
 .ARM.attributes
                0x00000000000006bf       0x2d C:/ST/STM32CubeIDE_1.14.0/STM32CubeIDE/plugins/com.st.stm32cube.ide.mcu.externaltools.gnu-tools-for-stm32.11.3.rel1.win32_1.1.100.202309141235/tools/bin/../lib/gcc/arm-none-eabi/11.3.1/../../../../arm-none-eabi/lib/thumb/v7-m/nofp\libc_nano.a(libc_a-lock.o)
 .ARM.attributes
                0x00000000000006ec       0x2d C:/ST/STM32CubeIDE_1.14.0/STM32CubeIDE/plugins/com.st.stm32cube.ide.mcu.externaltools.gnu-tools-for-stm32.11.3.rel1.win32_1.1.100.202309141235/tools/bin/../lib/gcc/arm-none-eabi/11.3.1/../../../../arm-none-eabi/lib/thumb/v7-m/nofp\libc_nano.a(libc_a-freer.o)
 .ARM.attributes
                0x0000000000000719       0x2d C:/ST/STM32CubeIDE_1.14.0/STM32CubeIDE/plugins/com.st.stm32cube.ide.mcu.externaltools.gnu-tools-for-stm32.11.3.rel1.win32_1.1.100.202309141235/tools/bin/../lib/gcc/arm-none-eabi/11.3.1/../../../../arm-none-eabi/lib/thumb/v7-m/nofp\libc_nano.a(libc_a-mallocr.o)
 .ARM.attributes
                0x0000000000000746       0x2d C:/ST/STM32CubeIDE_1.14.0/STM32CubeIDE/plugins/com.st.stm32cube.ide.mcu.externaltools.gnu-tools-for-stm32.11.3.rel1.win32_1.1.100.202309141235/tools/bin/../lib/gcc/arm-none-eabi/11.3.1/../../../../arm-none-eabi/lib/thumb/v7-m/nofp\libc_nano.a(libc_a-mlock.o)
 .ARM.attributes
                0x0000000000000773       0x1d C:/ST/STM32CubeIDE_1.14.0/STM32CubeIDE/plugins/com.st.stm32cube.ide.mcu.externaltools.gnu-tools-for-stm32.11.3.rel1.win32_1.1.100.202309141235/tools/bin/../lib/gcc/arm-none-eabi/11.3.1/thumb/v7-m/nofp/crtn.o
OUTPUT(FreeRTOS_f103_scheduled.elf elf32-littlearm)
LOAD linker stubs
LOAD C:/ST/STM32CubeIDE_1.14.0/STM32CubeIDE/plugins/com.st.stm32cube.ide.mcu.externaltools.gnu-tools-for-stm32.11.3.rel1.win32_1.1.100.202309141235/tools/bin/../lib/gcc/arm-none-eabi/11.3.1/../../../../arm-none-eabi/lib/thumb/v7-m/nofp\libc.a
LOAD C:/ST/STM32CubeIDE_1.14.0/STM32CubeIDE/plugins/com.st.stm32cube.ide.mcu.externaltools.gnu-tools-for-stm32.11.3.rel1.win32_1.1.100.202309141235/tools/bin/../lib/gcc/arm-none-eabi/11.3.1/../../../../arm-none-eabi/lib/thumb/v7-m/nofp\libm.a
LOAD C:/ST/STM32CubeIDE_1.14.0/STM32CubeIDE/plugins/com.st.stm32cube.ide.mcu.externaltools.gnu-tools-for-stm32.11.3.rel1.win32_1.1.100.202309141235/tools/bin/../lib/gcc/arm-none-eabi/11.3.1/thumb/v7-m/nofp\libgcc.a

.comment        0x0000000000000000       0x43
 .comment       0x0000000000000000       0x43 C:/ST/STM32CubeIDE_1.14.0/STM32CubeIDE/plugins/com.st.stm32cube.ide.mcu.externaltools.gnu-tools-for-stm32.11.3.rel1.win32_1.1.100.202309141235/tools/bin/../lib/gcc/arm-none-eabi/11.3.1/thumb/v7-m/nofp/crtbegin.o
                                         0x44 (size before relaxing)
 .comment       0x0000000000000043       0x44 ./Core/Src/freertos.o
 .comment       0x0000000000000043       0x44 ./Core/Src/main.o
 .comment       0x0000000000000043       0x44 ./Core/Src/stm32f1xx_hal_msp.o
 .comment       0x0000000000000043       0x44 ./Core/Src/stm32f1xx_hal_timebase_tim.o
 .comment       0x0000000000000043       0x44 ./Core/Src/stm32f1xx_it.o
 .comment       0x0000000000000043       0x44 ./Core/Src/system_stm32f1xx.o
 .comment       0x0000000000000043       0x44 ./Drivers/STM32F1xx_HAL_Driver/Src/stm32f1xx_hal.o
 .comment       0x0000000000000043       0x44 ./Drivers/STM32F1xx_HAL_Driver/Src/stm32f1xx_hal_cortex.o
 .comment       0x0000000000000043       0x44 ./Drivers/STM32F1xx_HAL_Driver/Src/stm32f1xx_hal_gpio.o
 .comment       0x0000000000000043       0x44 ./Drivers/STM32F1xx_HAL_Driver/Src/stm32f1xx_hal_i2c.o
 .comment       0x0000000000000043       0x44 ./Drivers/STM32F1xx_HAL_Driver/Src/stm32f1xx_hal_pcd.o
 .comment       0x0000000000000043       0x44 ./Drivers/STM32F1xx_HAL_Driver/Src/stm32f1xx_hal_pcd_ex.o
 .comment       0x0000000000000043       0x44 ./Drivers/STM32F1xx_HAL_Driver/Src/stm32f1xx_hal_rcc.o
 .comment       0x0000000000000043       0x44 ./Drivers/STM32F1xx_HAL_Driver/Src/stm32f1xx_hal_rcc_ex.o
 .comment       0x0000000000000043       0x44 ./Drivers/STM32F1xx_HAL_Driver/Src/stm32f1xx_hal_tim.o
 .comment       0x0000000000000043       0x44 ./Drivers/STM32F1xx_HAL_Driver/Src/stm32f1xx_hal_tim_ex.o
 .comment       0x0000000000000043       0x44 ./Drivers/STM32F1xx_HAL_Driver/Src/stm32f1xx_hal_uart.o
 .comment       0x0000000000000043       0x44 ./Drivers/STM32F1xx_HAL_Driver/Src/stm32f1xx_ll_usb.o
 .comment       0x0000000000000043       0x44 ./Middlewares/ST/STM32_USB_Device_Library/Class/DFU/Src/usbd_dfu.o
 .comment       0x0000000000000043       0x44 ./Middlewares/ST/STM32_USB_Device_Library/Core/Src/usbd_core.o
 .comment       0x0000000000000043       0x44 ./Middlewares/ST/STM32_USB_Device_Library/Core/Src/usbd_ctlreq.o
 .comment       0x0000000000000043       0x44 ./Middlewares/ST/STM32_USB_Device_Library/Core/Src/usbd_ioreq.o
 .comment       0x0000000000000043       0x44 ./Middlewares/Third_Party/FreeRTOS/Source/CMSIS_RTOS/cmsis_os.o
 .comment       0x0000000000000043       0x44 ./Middlewares/Third_Party/FreeRTOS/Source/list.o
 .comment       0x0000000000000043       0x44 ./Middlewares/Third_Party/FreeRTOS/Source/tasks.o
 .comment       0x0000000000000043       0x44 ./Middlewares/Third_Party/FreeRTOS/Source/portable/GCC/ARM_CM3/port.o
 .comment       0x0000000000000043       0x44 ./Middlewares/Third_Party/FreeRTOS/Source/portable/MemMang/heap_4.o
 .comment       0x0000000000000043       0x44 ./USB_DEVICE/App/usb_device.o
 .comment       0x0000000000000043       0x44 ./USB_DEVICE/App/usbd_desc.o
 .comment       0x0000000000000043       0x44 ./USB_DEVICE/App/usbd_dfu_if.o
 .comment       0x0000000000000043       0x44 ./USB_DEVICE/Target/usbd_conf.o

.debug_info     0x0000000000000000    0x1d2ae
 .debug_info    0x0000000000000000      0x918 ./Core/Src/freertos.o
 .debug_info    0x0000000000000918     0x1b2f ./Core/Src/main.o
 .debug_info    0x0000000000002447      0xc82 ./Core/Src/stm32f1xx_hal_msp.o
 .debug_info    0x00000000000030c9      0x9a8 ./Core/Src/stm32f1xx_hal_timebase_tim.o
 .debug_info    0x0000000000003a71      0xb34 ./Core/Src/stm32f1xx_it.o
 .debug_info    0x00000000000045a5      0x222 ./Core/Src/system_stm32f1xx.o
 .debug_info    0x00000000000047c7       0x23 ./Core/Startup/startup_stm32f103c8tx.o
 .debug_info    0x00000000000047ea      0x704 ./Drivers/STM32F1xx_HAL_Driver/Src/stm32f1xx_hal.o
 .debug_info    0x0000000000004eee      0xa87 ./Drivers/STM32F1xx_HAL_Driver/Src/stm32f1xx_hal_cortex.o
 .debug_info    0x0000000000005975      0x5ab ./Drivers/STM32F1xx_HAL_Driver/Src/stm32f1xx_hal_gpio.o
 .debug_info    0x0000000000005f20     0x2515 ./Drivers/STM32F1xx_HAL_Driver/Src/stm32f1xx_hal_i2c.o
 .debug_info    0x0000000000008435     0x16cf ./Drivers/STM32F1xx_HAL_Driver/Src/stm32f1xx_hal_pcd.o
 .debug_info    0x0000000000009b04      0x6b6 ./Drivers/STM32F1xx_HAL_Driver/Src/stm32f1xx_hal_pcd_ex.o
 .debug_info    0x000000000000a1ba      0x7d5 ./Drivers/STM32F1xx_HAL_Driver/Src/stm32f1xx_hal_rcc.o
 .debug_info    0x000000000000a98f      0x3c0 ./Drivers/STM32F1xx_HAL_Driver/Src/stm32f1xx_hal_rcc_ex.o
 .debug_info    0x000000000000ad4f     0x293b ./Drivers/STM32F1xx_HAL_Driver/Src/stm32f1xx_hal_tim.o
 .debug_info    0x000000000000d68a     0x149b ./Drivers/STM32F1xx_HAL_Driver/Src/stm32f1xx_hal_tim_ex.o
 .debug_info    0x000000000000eb25     0x2fa8 ./Drivers/STM32F1xx_HAL_Driver/Src/stm32f1xx_hal_uart.o
 .debug_info    0x0000000000011acd     0x17a2 ./Drivers/STM32F1xx_HAL_Driver/Src/stm32f1xx_ll_usb.o
 .debug_info    0x000000000001326f      0xfbc ./Middlewares/ST/STM32_USB_Device_Library/Class/DFU/Src/usbd_dfu.o
 .debug_info    0x000000000001422b      0xa7c ./Middlewares/ST/STM32_USB_Device_Library/Core/Src/usbd_core.o
 .debug_info    0x0000000000014ca7      0x946 ./Middlewares/ST/STM32_USB_Device_Library/Core/Src/usbd_ctlreq.o
 .debug_info    0x00000000000155ed      0x6ca ./Middlewares/ST/STM32_USB_Device_Library/Core/Src/usbd_ioreq.o
 .debug_info    0x0000000000015cb7     0x21be ./Middlewares/Third_Party/FreeRTOS/Source/CMSIS_RTOS/cmsis_os.o
 .debug_info    0x0000000000017e75      0x2aa ./Middlewares/Third_Party/FreeRTOS/Source/list.o
 .debug_info    0x000000000001811f     0x22b2 ./Middlewares/Third_Party/FreeRTOS/Source/tasks.o
 .debug_info    0x000000000001a3d1      0x494 ./Middlewares/Third_Party/FreeRTOS/Source/portable/GCC/ARM_CM3/port.o
 .debug_info    0x000000000001a865      0x3c3 ./Middlewares/Third_Party/FreeRTOS/Source/portable/MemMang/heap_4.o
 .debug_info    0x000000000001ac28      0x6ae ./USB_DEVICE/App/usb_device.o
 .debug_info    0x000000000001b2d6      0x44a ./USB_DEVICE/App/usbd_desc.o
 .debug_info    0x000000000001b720      0x30b ./USB_DEVICE/App/usbd_dfu_if.o
 .debug_info    0x000000000001ba2b     0x1883 ./USB_DEVICE/Target/usbd_conf.o

.debug_abbrev   0x0000000000000000     0x4594
 .debug_abbrev  0x0000000000000000      0x16f ./Core/Src/freertos.o
 .debug_abbrev  0x000000000000016f      0x318 ./Core/Src/main.o
 .debug_abbrev  0x0000000000000487      0x1c8 ./Core/Src/stm32f1xx_hal_msp.o
 .debug_abbrev  0x000000000000064f      0x1f3 ./Core/Src/stm32f1xx_hal_timebase_tim.o
 .debug_abbrev  0x0000000000000842      0x1b3 ./Core/Src/stm32f1xx_it.o
 .debug_abbrev  0x00000000000009f5      0x13f ./Core/Src/system_stm32f1xx.o
 .debug_abbrev  0x0000000000000b34       0x12 ./Core/Startup/startup_stm32f103c8tx.o
 .debug_abbrev  0x0000000000000b46      0x201 ./Drivers/STM32F1xx_HAL_Driver/Src/stm32f1xx_hal.o
 .debug_abbrev  0x0000000000000d47      0x2f8 ./Drivers/STM32F1xx_HAL_Driver/Src/stm32f1xx_hal_cortex.o
 .debug_abbrev  0x000000000000103f      0x1ca ./Drivers/STM32F1xx_HAL_Driver/Src/stm32f1xx_hal_gpio.o
 .debug_abbrev  0x0000000000001209      0x2a3 ./Drivers/STM32F1xx_HAL_Driver/Src/stm32f1xx_hal_i2c.o
 .debug_abbrev  0x00000000000014ac      0x2d6 ./Drivers/STM32F1xx_HAL_Driver/Src/stm32f1xx_hal_pcd.o
 .debug_abbrev  0x0000000000001782      0x189 ./Drivers/STM32F1xx_HAL_Driver/Src/stm32f1xx_hal_pcd_ex.o
 .debug_abbrev  0x000000000000190b      0x2b3 ./Drivers/STM32F1xx_HAL_Driver/Src/stm32f1xx_hal_rcc.o
 .debug_abbrev  0x0000000000001bbe      0x188 ./Drivers/STM32F1xx_HAL_Driver/Src/stm32f1xx_hal_rcc_ex.o
 .debug_abbrev  0x0000000000001d46      0x277 ./Drivers/STM32F1xx_HAL_Driver/Src/stm32f1xx_hal_tim.o
 .debug_abbrev  0x0000000000001fbd      0x282 ./Drivers/STM32F1xx_HAL_Driver/Src/stm32f1xx_hal_tim_ex.o
 .debug_abbrev  0x000000000000223f      0x2f8 ./Drivers/STM32F1xx_HAL_Driver/Src/stm32f1xx_hal_uart.o
 .debug_abbrev  0x0000000000002537      0x1de ./Drivers/STM32F1xx_HAL_Driver/Src/stm32f1xx_ll_usb.o
 .debug_abbrev  0x0000000000002715      0x32c ./Middlewares/ST/STM32_USB_Device_Library/Class/DFU/Src/usbd_dfu.o
 .debug_abbrev  0x0000000000002a41      0x24a ./Middlewares/ST/STM32_USB_Device_Library/Core/Src/usbd_core.o
 .debug_abbrev  0x0000000000002c8b      0x26b ./Middlewares/ST/STM32_USB_Device_Library/Core/Src/usbd_ctlreq.o
 .debug_abbrev  0x0000000000002ef6      0x192 ./Middlewares/ST/STM32_USB_Device_Library/Core/Src/usbd_ioreq.o
 .debug_abbrev  0x0000000000003088      0x416 ./Middlewares/Third_Party/FreeRTOS/Source/CMSIS_RTOS/cmsis_os.o
 .debug_abbrev  0x000000000000349e       0xf5 ./Middlewares/Third_Party/FreeRTOS/Source/list.o
 .debug_abbrev  0x0000000000003593      0x3d0 ./Middlewares/Third_Party/FreeRTOS/Source/tasks.o
 .debug_abbrev  0x0000000000003963      0x258 ./Middlewares/Third_Party/FreeRTOS/Source/portable/GCC/ARM_CM3/port.o
 .debug_abbrev  0x0000000000003bbb      0x205 ./Middlewares/Third_Party/FreeRTOS/Source/portable/MemMang/heap_4.o
 .debug_abbrev  0x0000000000003dc0      0x194 ./USB_DEVICE/App/usb_device.o
 .debug_abbrev  0x0000000000003f54      0x1ff ./USB_DEVICE/App/usbd_desc.o
 .debug_abbrev  0x0000000000004153      0x122 ./USB_DEVICE/App/usbd_dfu_if.o
 .debug_abbrev  0x0000000000004275      0x31f ./USB_DEVICE/Target/usbd_conf.o

.debug_aranges  0x0000000000000000     0x19b8
 .debug_aranges
                0x0000000000000000       0x20 ./Core/Src/freertos.o
 .debug_aranges
                0x0000000000000020       0x68 ./Core/Src/main.o
 .debug_aranges
                0x0000000000000088       0x40 ./Core/Src/stm32f1xx_hal_msp.o
 .debug_aranges
                0x00000000000000c8       0x30 ./Core/Src/stm32f1xx_hal_timebase_tim.o
 .debug_aranges
                0x00000000000000f8       0x58 ./Core/Src/stm32f1xx_it.o
 .debug_aranges
                0x0000000000000150       0x28 ./Core/Src/system_stm32f1xx.o
 .debug_aranges
                0x0000000000000178       0x28 ./Core/Startup/startup_stm32f103c8tx.o
 .debug_aranges
                0x00000000000001a0       0xe0 ./Drivers/STM32F1xx_HAL_Driver/Src/stm32f1xx_hal.o
 .debug_aranges
                0x0000000000000280      0x100 ./Drivers/STM32F1xx_HAL_Driver/Src/stm32f1xx_hal_cortex.o
 .debug_aranges
                0x0000000000000380       0x58 ./Drivers/STM32F1xx_HAL_Driver/Src/stm32f1xx_hal_gpio.o
 .debug_aranges
                0x00000000000003d8      0x2a8 ./Drivers/STM32F1xx_HAL_Driver/Src/stm32f1xx_hal_i2c.o
 .debug_aranges
                0x0000000000000680      0x140 ./Drivers/STM32F1xx_HAL_Driver/Src/stm32f1xx_hal_pcd.o
 .debug_aranges
                0x00000000000007c0       0x38 ./Drivers/STM32F1xx_HAL_Driver/Src/stm32f1xx_hal_pcd_ex.o
 .debug_aranges
                0x00000000000007f8       0x90 ./Drivers/STM32F1xx_HAL_Driver/Src/stm32f1xx_hal_rcc.o
 .debug_aranges
                0x0000000000000888       0x30 ./Drivers/STM32F1xx_HAL_Driver/Src/stm32f1xx_hal_rcc_ex.o
 .debug_aranges
                0x00000000000008b8      0x3d0 ./Drivers/STM32F1xx_HAL_Driver/Src/stm32f1xx_hal_tim.o
 .debug_aranges
                0x0000000000000c88      0x168 ./Drivers/STM32F1xx_HAL_Driver/Src/stm32f1xx_hal_tim_ex.o
 .debug_aranges
                0x0000000000000df0      0x208 ./Drivers/STM32F1xx_HAL_Driver/Src/stm32f1xx_hal_uart.o
 .debug_aranges
                0x0000000000000ff8       0xf8 ./Drivers/STM32F1xx_HAL_Driver/Src/stm32f1xx_ll_usb.o
 .debug_aranges
                0x00000000000010f0       0xd0 ./Middlewares/ST/STM32_USB_Device_Library/Class/DFU/Src/usbd_dfu.o
 .debug_aranges
                0x00000000000011c0       0xb8 ./Middlewares/ST/STM32_USB_Device_Library/Core/Src/usbd_core.o
 .debug_aranges
                0x0000000000001278       0x88 ./Middlewares/ST/STM32_USB_Device_Library/Core/Src/usbd_ctlreq.o
 .debug_aranges
                0x0000000000001300       0x50 ./Middlewares/ST/STM32_USB_Device_Library/Core/Src/usbd_ioreq.o
 .debug_aranges
                0x0000000000001350      0x1d8 ./Middlewares/Third_Party/FreeRTOS/Source/CMSIS_RTOS/cmsis_os.o
 .debug_aranges
                0x0000000000001528       0x40 ./Middlewares/Third_Party/FreeRTOS/Source/list.o
 .debug_aranges
                0x0000000000001568      0x1a8 ./Middlewares/Third_Party/FreeRTOS/Source/tasks.o
 .debug_aranges
                0x0000000000001710       0x78 ./Middlewares/Third_Party/FreeRTOS/Source/portable/GCC/ARM_CM3/port.o
 .debug_aranges
                0x0000000000001788       0x50 ./Middlewares/Third_Party/FreeRTOS/Source/portable/MemMang/heap_4.o
 .debug_aranges
                0x00000000000017d8       0x20 ./USB_DEVICE/App/usb_device.o
 .debug_aranges
                0x00000000000017f8       0x60 ./USB_DEVICE/App/usbd_desc.o
 .debug_aranges
                0x0000000000001858       0x48 ./USB_DEVICE/App/usbd_dfu_if.o
 .debug_aranges
                0x00000000000018a0      0x118 ./USB_DEVICE/Target/usbd_conf.o

.debug_rnglists
                0x0000000000000000     0x13ea
 .debug_rnglists
                0x0000000000000000       0x13 ./Core/Src/freertos.o
 .debug_rnglists
                0x0000000000000013       0x4c ./Core/Src/main.o
 .debug_rnglists
                0x000000000000005f       0x2c ./Core/Src/stm32f1xx_hal_msp.o
 .debug_rnglists
                0x000000000000008b       0x20 ./Core/Src/stm32f1xx_hal_timebase_tim.o
 .debug_rnglists
                0x00000000000000ab       0x3d ./Core/Src/stm32f1xx_it.o
 .debug_rnglists
                0x00000000000000e8       0x1a ./Core/Src/system_stm32f1xx.o
 .debug_rnglists
                0x0000000000000102       0x19 ./Core/Startup/startup_stm32f103c8tx.o
 .debug_rnglists
                0x000000000000011b       0xa3 ./Drivers/STM32F1xx_HAL_Driver/Src/stm32f1xx_hal.o
 .debug_rnglists
                0x00000000000001be       0xbb ./Drivers/STM32F1xx_HAL_Driver/Src/stm32f1xx_hal_cortex.o
 .debug_rnglists
                0x0000000000000279       0x3f ./Drivers/STM32F1xx_HAL_Driver/Src/stm32f1xx_hal_gpio.o
 .debug_rnglists
                0x00000000000002b8      0x23c ./Drivers/STM32F1xx_HAL_Driver/Src/stm32f1xx_hal_i2c.o
 .debug_rnglists
                0x00000000000004f4       0xf4 ./Drivers/STM32F1xx_HAL_Driver/Src/stm32f1xx_hal_pcd.o
 .debug_rnglists
                0x00000000000005e8       0x26 ./Drivers/STM32F1xx_HAL_Driver/Src/stm32f1xx_hal_pcd_ex.o
 .debug_rnglists
                0x000000000000060e       0x6c ./Drivers/STM32F1xx_HAL_Driver/Src/stm32f1xx_hal_rcc.o
 .debug_rnglists
                0x000000000000067a       0x21 ./Drivers/STM32F1xx_HAL_Driver/Src/stm32f1xx_hal_rcc_ex.o
 .debug_rnglists
                0x000000000000069b      0x31a ./Drivers/STM32F1xx_HAL_Driver/Src/stm32f1xx_hal_tim.o
 .debug_rnglists
                0x00000000000009b5      0x125 ./Drivers/STM32F1xx_HAL_Driver/Src/stm32f1xx_hal_tim_ex.o
 .debug_rnglists
                0x0000000000000ada      0x1bc ./Drivers/STM32F1xx_HAL_Driver/Src/stm32f1xx_hal_uart.o
 .debug_rnglists
                0x0000000000000c96       0xbd ./Drivers/STM32F1xx_HAL_Driver/Src/stm32f1xx_ll_usb.o
 .debug_rnglists
                0x0000000000000d53       0xa1 ./Middlewares/ST/STM32_USB_Device_Library/Class/DFU/Src/usbd_dfu.o
 .debug_rnglists
                0x0000000000000df4       0x89 ./Middlewares/ST/STM32_USB_Device_Library/Core/Src/usbd_core.o
 .debug_rnglists