../Core/Src/main.c:78:5:main	104	static
../Core/Src/main.c:160:6:SystemClock_Config	88	static
../Core/Src/main.c:207:13:MX_I2C1_Init	8	static
../Core/Src/main.c:241:13:MX_USART1_UART_Init	8	static
../Core/Src/main.c:274:13:MX_GPIO_Init	40	static
../Core/Src/main.c:310:6:StartReadMPU6050	16	static
../Core/Src/main.c:331:6:StartCalculatePID	16	static
../Core/Src/main.c:350:6:StartControllESC	16	static
../Core/Src/main.c:370:6:HAL_TIM_PeriodElapsedCallback	16	static
../Core/Src/main.c:387:6:Error_Handler	4	static,ignoring_inline_asm
